
 Start         Length     Name                   Class
 0001:00000000 00062680H .text                   CODE
 0002:00000000 000012F8H .data                   DATA
 0002:000012F8 0000105DH .bss                    BSS


Detailed map of segments

 0001:00000000 00005803 C=CODE     S=.text    G=(none)   M=System   ACBP=A9
 0001:00005804 00000140 C=CODE     S=.text    G=(none)   M=SysInit  ACBP=A9
 0001:00005944 00000090 C=CODE     S=.text    G=(none)   M=Types    ACBP=A9
 0001:000059D4 00000D64 C=CODE     S=.text    G=(none)   M=Windows  ACBP=A9
 0001:00006738 00000038 C=CODE     S=.text    G=(none)   M=Messages ACBP=A9
 0001:00006770 00000320 C=CODE     S=.text    G=(none)   M=SysConst ACBP=A9
 0001:00006A90 00006CE8 C=CODE     S=.text    G=(none)   M=SysUtils ACBP=A9
 0001:0000D778 000007FB C=CODE     S=.text    G=(none)   M=VarUtils ACBP=A9
 0001:0000DF74 00002A42 C=CODE     S=.text    G=(none)   M=Variants ACBP=A9
 0001:000109B8 00000120 C=CODE     S=.text    G=(none)   M=RTLConsts ACBP=A9
 0001:00010AD8 000007E8 C=CODE     S=.text    G=(none)   M=TypInfo  ACBP=A9
 0001:000112C0 00000038 C=CODE     S=.text    G=(none)   M=ActiveX  ACBP=A9
 0001:000112F8 00009826 C=CODE     S=.text    G=(none)   M=Classes  ACBP=A9
 0001:0001AB20 000002D0 C=CODE     S=.text    G=(none)   M=Consts   ACBP=A9
 0001:0001ADF0 00008FB7 C=CODE     S=.text    G=(none)   M=Graphics ACBP=A9
 0001:00023DA8 00000048 C=CODE     S=.text    G=(none)   M=Math     ACBP=A9
 0001:00023DF0 000002B8 C=CODE     S=.text    G=(none)   M=Contnrs  ACBP=A9
 0001:000240A8 00000198 C=CODE     S=.text    G=(none)   M=CommCtrl ACBP=A9
 0001:00024240 00000787 C=CODE     S=.text    G=(none)   M=MultiMon ACBP=A9
 0001:000249C8 00000038 C=CODE     S=.text    G=(none)   M=Imm      ACBP=A9
 0001:00024A00 00000FF8 C=CODE     S=.text    G=(none)   M=HelpIntfs ACBP=A9
 0001:000259F8 00000038 C=CODE     S=.text    G=(none)   M=WinSpool ACBP=A9
 0001:00025A30 00000044 C=CODE     S=.text    G=(none)   M=Printers ACBP=A9
 0001:00025A74 0000031F C=CODE     S=.text    G=(none)   M=FlatSB   ACBP=A9
 0001:00025D94 000001A4 C=CODE     S=.text    G=(none)   M=SyncObjs ACBP=A9
 0001:00025F38 000009BB C=CODE     S=.text    G=(none)   M=UxTheme  ACBP=A9
 0001:000268F4 00000038 C=CODE     S=.text    G=(none)   M=RichEdit ACBP=A9
 0001:0002692C 00000038 C=CODE     S=.text    G=(none)   M=ToolWin  ACBP=A9
 0001:00026964 00000040 C=CODE     S=.text    G=(none)   M=ShellAPI ACBP=A9
 0001:000269A4 00000038 C=CODE     S=.text    G=(none)   M=RegStr   ACBP=A9
 0001:000269DC 00000038 C=CODE     S=.text    G=(none)   M=WinInet  ACBP=A9
 0001:00026A14 00000038 C=CODE     S=.text    G=(none)   M=UrlMon   ACBP=A9
 0001:00026A4C 00000038 C=CODE     S=.text    G=(none)   M=ShlObj   ACBP=A9
 0001:00026A84 00000038 C=CODE     S=.text    G=(none)   M=CommDlg  ACBP=A9
 0001:00026ABC 00000038 C=CODE     S=.text    G=(none)   M=Dlgs     ACBP=A9
 0001:00026AF4 0000132D C=CODE     S=.text    G=(none)   M=Dialogs  ACBP=A9
 0001:00027E24 0000241E C=CODE     S=.text    G=(none)   M=ExtCtrls ACBP=A9
 0001:0002A244 00000038 C=CODE     S=.text    G=(none)   M=ComStrs  ACBP=A9
 0001:0002A27C 00000094 C=CODE     S=.text    G=(none)   M=Clipbrd  ACBP=A9
 0001:0002A310 00000038 C=CODE     S=.text    G=(none)   M=StrUtils ACBP=A9
 0001:0002A348 000023BD C=CODE     S=.text    G=(none)   M=Buttons  ACBP=A9
 0001:0002C708 00000038 C=CODE     S=.text    G=(none)   M=ExtDlgs  ACBP=A9
 0001:0002C740 00000068 C=CODE     S=.text    G=(none)   M=IniFiles ACBP=A9
 0001:0002C7A8 00000068 C=CODE     S=.text    G=(none)   M=Registry ACBP=A9
 0001:0002C810 0000006C C=CODE     S=.text    G=(none)   M=Mapi     ACBP=A9
 0001:0002C87C 00000058 C=CODE     S=.text    G=(none)   M=ExtActns ACBP=A9
 0001:0002C8D4 00000038 C=CODE     S=.text    G=(none)   M=ListActns ACBP=A9
 0001:0002C90C 000013D0 C=CODE     S=.text    G=(none)   M=ComCtrls ACBP=A9
 0001:0002DCDC 00000B28 C=CODE     S=.text    G=(none)   M=Themes   ACBP=A9
 0001:0002E804 000031E8 C=CODE     S=.text    G=(none)   M=StdCtrls ACBP=A9
 0001:000319EC 00000168 C=CODE     S=.text    G=(none)   M=StdActns ACBP=A9
 0001:00031B54 00000D1F C=CODE     S=.text    G=(none)   M=WinHelpViewer ACBP=A9
 0001:00032874 00010E8F C=CODE     S=.text    G=(none)   M=Controls ACBP=A9
 0001:00043704 00001292 C=CODE     S=.text    G=(none)   M=ActnList ACBP=A9
 0001:00044998 00001B9C C=CODE     S=.text    G=(none)   M=ImgList  ACBP=A9
 0001:00046534 000066AD C=CODE     S=.text    G=(none)   M=Menus    ACBP=A9
 0001:0004CBE4 0000C62C C=CODE     S=.text    G=(none)   M=Forms    ACBP=A9
 0001:00059210 00000048 C=CODE     S=.text    G=(none)   M=MaxMin   ACBP=A9
 0001:00059258 00000098 C=CODE     S=.text    G=(none)   M=RXConst  ACBP=A9
 0001:000592F0 00000038 C=CODE     S=.text    G=(none)   M=RXCConst ACBP=A9
 0001:00059328 0000068C C=CODE     S=.text    G=(none)   M=VCLUtils ACBP=A9
 0001:000599B4 00000038 C=CODE     S=.text    G=(none)   M=RxTimer  ACBP=A9
 0001:000599EC 0000005D C=CODE     S=.text    G=(none)   M=RxHook   ACBP=A9
 0001:00059A4C 00000038 C=CODE     S=.text    G=(none)   M=Animate  ACBP=A9
 0001:00059A84 00001D03 C=CODE     S=.text    G=(none)   M=RxGraph  ACBP=A9
 0001:0005B788 00000038 C=CODE     S=.text    G=(none)   M=IcoList  ACBP=A9
 0001:0005B7C0 00000070 C=CODE     S=.text    G=(none)   M=ClipIcon ACBP=A9
 0001:0005B830 00000078 C=CODE     S=.text    G=(none)   M=AniFile  ACBP=A9
 0001:0005B8A8 00000038 C=CODE     S=.text    G=(none)   M=RxGConst ACBP=A9
 0001:0005B8E0 000044F8 C=CODE     S=.text    G=(none)   M=RxGIF    ACBP=A9
 0001:0005FDD8 00000038 C=CODE     S=.text    G=(none)   M=GIFCtrl  ACBP=A9
 0001:0005FE10 00000204 C=CODE     S=.text    G=(none)   M=UEntrada ACBP=A9
 0001:00060014 00002348 C=CODE     S=.text    G=(none)   M=UExecutar ACBP=A9
 0001:0006235C 00000324 C=CODE     S=.text    G=(none)   M=PExecutar ACBP=A9
 0002:00000000 000000A0 C=DATA     S=.data    G=DGROUP   M=System   ACBP=A9
 0002:000000A0 00000020 C=DATA     S=.data    G=DGROUP   M=SysInit  ACBP=A9
 0002:000000C0 00000254 C=DATA     S=.data    G=DGROUP   M=SysUtils ACBP=A9
 0002:00000314 00000008 C=DATA     S=.data    G=DGROUP   M=VarUtils ACBP=A9
 0002:0000031C 0000008E C=DATA     S=.data    G=DGROUP   M=Variants ACBP=A9
 0002:000003AC 0000000C C=DATA     S=.data    G=DGROUP   M=TypInfo  ACBP=A9
 0002:000003B8 00000064 C=DATA     S=.data    G=DGROUP   M=Classes  ACBP=A9
 0002:0000041C 00000304 C=DATA     S=.data    G=DGROUP   M=Graphics ACBP=A9
 0002:00000720 00000004 C=DATA     S=.data    G=DGROUP   M=Printers ACBP=A9
 0002:00000724 000000B4 C=DATA     S=.data    G=DGROUP   M=Dialogs  ACBP=A9
 0002:000007D8 0000018C C=DATA     S=.data    G=DGROUP   M=ExtCtrls ACBP=A9
 0002:00000964 00000088 C=DATA     S=.data    G=DGROUP   M=Buttons  ACBP=A9
 0002:000009EC 00000008 C=DATA     S=.data    G=DGROUP   M=IniFiles ACBP=A9
 0002:000009F4 00000008 C=DATA     S=.data    G=DGROUP   M=Registry ACBP=A9
 0002:000009FC 00000008 C=DATA     S=.data    G=DGROUP   M=Mapi     ACBP=A9
 0002:00000A04 00000054 C=DATA     S=.data    G=DGROUP   M=ComCtrls ACBP=A9
 0002:00000A58 00000068 C=DATA     S=.data    G=DGROUP   M=Themes   ACBP=A9
 0002:00000AC0 0000004C C=DATA     S=.data    G=DGROUP   M=StdCtrls ACBP=A9
 0002:00000B0C 0000013C C=DATA     S=.data    G=DGROUP   M=Controls ACBP=A9
 0002:00000C48 00000020 C=DATA     S=.data    G=DGROUP   M=ImgList  ACBP=A9
 0002:00000C68 000000EC C=DATA     S=.data    G=DGROUP   M=Menus    ACBP=A9
 0002:00000D54 0000011C C=DATA     S=.data    G=DGROUP   M=Forms    ACBP=A9
 0002:00000E70 00000004 C=DATA     S=.data    G=DGROUP   M=VCLUtils ACBP=A9
 0002:00000E74 00000020 C=DATA     S=.data    G=DGROUP   M=RxGraph  ACBP=A9
 0002:00000E94 0000003C C=DATA     S=.data    G=DGROUP   M=RxGIF    ACBP=A9
 0002:00002000 00000660 C=BSS      S=.bss     G=DGROUP   M=System   ACBP=A9
 0002:00002660 00000010 C=BSS      S=.bss     G=DGROUP   M=SysInit  ACBP=A9
 0002:00002670 00000004 C=BSS      S=.bss     G=DGROUP   M=Types    ACBP=A9
 0002:00002674 00000004 C=BSS      S=.bss     G=DGROUP   M=Windows  ACBP=A9
 0002:00002678 00000004 C=BSS      S=.bss     G=DGROUP   M=Messages ACBP=A9
 0002:0000267C 00000004 C=BSS      S=.bss     G=DGROUP   M=SysConst ACBP=A9
 0002:00002680 00000120 C=BSS      S=.bss     G=DGROUP   M=SysUtils ACBP=A9
 0002:000027A0 0000005C C=BSS      S=.bss     G=DGROUP   M=VarUtils ACBP=A9
 0002:000027FC 00000040 C=BSS      S=.bss     G=DGROUP   M=Variants ACBP=A9
 0002:0000283C 00000004 C=BSS      S=.bss     G=DGROUP   M=RTLConsts ACBP=A9
 0002:00002840 00000004 C=BSS      S=.bss     G=DGROUP   M=TypInfo  ACBP=A9
 0002:00002844 00000004 C=BSS      S=.bss     G=DGROUP   M=ActiveX  ACBP=A9
 0002:00002848 00000040 C=BSS      S=.bss     G=DGROUP   M=Classes  ACBP=A9
 0002:00002888 00000004 C=BSS      S=.bss     G=DGROUP   M=Consts   ACBP=A9
 0002:0000288C 00000060 C=BSS      S=.bss     G=DGROUP   M=Graphics ACBP=A9
 0002:000028EC 00000004 C=BSS      S=.bss     G=DGROUP   M=Math     ACBP=A9
 0002:000028F0 00000004 C=BSS      S=.bss     G=DGROUP   M=Contnrs  ACBP=A9
 0002:000028F4 0000000C C=BSS      S=.bss     G=DGROUP   M=CommCtrl ACBP=A9
 0002:00002900 00000031 C=BSS      S=.bss     G=DGROUP   M=MultiMon ACBP=A9
 0002:00002934 00000004 C=BSS      S=.bss     G=DGROUP   M=Imm      ACBP=A9
 0002:00002938 00000008 C=BSS      S=.bss     G=DGROUP   M=HelpIntfs ACBP=A9
 0002:00002940 00000004 C=BSS      S=.bss     G=DGROUP   M=WinSpool ACBP=A9
 0002:00002944 00000004 C=BSS      S=.bss     G=DGROUP   M=Printers ACBP=A9
 0002:00002948 00000034 C=BSS      S=.bss     G=DGROUP   M=FlatSB   ACBP=A9
 0002:0000297C 00000004 C=BSS      S=.bss     G=DGROUP   M=SyncObjs ACBP=A9
 0002:00002980 000000CC C=BSS      S=.bss     G=DGROUP   M=UxTheme  ACBP=A9
 0002:00002A4C 00000004 C=BSS      S=.bss     G=DGROUP   M=RichEdit ACBP=A9
 0002:00002A50 00000004 C=BSS      S=.bss     G=DGROUP   M=ToolWin  ACBP=A9
 0002:00002A54 00000004 C=BSS      S=.bss     G=DGROUP   M=ShellAPI ACBP=A9
 0002:00002A58 00000004 C=BSS      S=.bss     G=DGROUP   M=RegStr   ACBP=A9
 0002:00002A5C 00000004 C=BSS      S=.bss     G=DGROUP   M=WinInet  ACBP=A9
 0002:00002A60 00000004 C=BSS      S=.bss     G=DGROUP   M=UrlMon   ACBP=A9
 0002:00002A64 00000004 C=BSS      S=.bss     G=DGROUP   M=ShlObj   ACBP=A9
 0002:00002A68 00000004 C=BSS      S=.bss     G=DGROUP   M=CommDlg  ACBP=A9
 0002:00002A6C 00000004 C=BSS      S=.bss     G=DGROUP   M=Dlgs     ACBP=A9
 0002:00002A70 00000038 C=BSS      S=.bss     G=DGROUP   M=Dialogs  ACBP=A9
 0002:00002AA8 00000004 C=BSS      S=.bss     G=DGROUP   M=ExtCtrls ACBP=A9
 0002:00002AAC 00000004 C=BSS      S=.bss     G=DGROUP   M=ComStrs  ACBP=A9
 0002:00002AB0 0000000C C=BSS      S=.bss     G=DGROUP   M=Clipbrd  ACBP=A9
 0002:00002ABC 00000004 C=BSS      S=.bss     G=DGROUP   M=StrUtils ACBP=A9
 0002:00002AC0 00000030 C=BSS      S=.bss     G=DGROUP   M=Buttons  ACBP=A9
 0002:00002AF0 00000004 C=BSS      S=.bss     G=DGROUP   M=ExtDlgs  ACBP=A9
 0002:00002AF4 00000004 C=BSS      S=.bss     G=DGROUP   M=IniFiles ACBP=A9
 0002:00002AF8 00000004 C=BSS      S=.bss     G=DGROUP   M=Registry ACBP=A9
 0002:00002AFC 00000004 C=BSS      S=.bss     G=DGROUP   M=Mapi     ACBP=A9
 0002:00002B00 00000009 C=BSS      S=.bss     G=DGROUP   M=ExtActns ACBP=A9
 0002:00002B0C 00000004 C=BSS      S=.bss     G=DGROUP   M=ListActns ACBP=A9
 0002:00002B10 00000010 C=BSS      S=.bss     G=DGROUP   M=ComCtrls ACBP=A9
 0002:00002B20 00000008 C=BSS      S=.bss     G=DGROUP   M=Themes   ACBP=A9
 0002:00002B28 00000004 C=BSS      S=.bss     G=DGROUP   M=StdCtrls ACBP=A9
 0002:00002B2C 00000004 C=BSS      S=.bss     G=DGROUP   M=StdActns ACBP=A9
 0002:00002B30 00000014 C=BSS      S=.bss     G=DGROUP   M=WinHelpViewer ACBP=A9
 0002:00002B44 00000080 C=BSS      S=.bss     G=DGROUP   M=Controls ACBP=A9
 0002:00002BC4 00000004 C=BSS      S=.bss     G=DGROUP   M=ActnList ACBP=A9
 0002:00002BC8 0000000C C=BSS      S=.bss     G=DGROUP   M=ImgList  ACBP=A9
 0002:00002BD4 00000010 C=BSS      S=.bss     G=DGROUP   M=Menus    ACBP=A9
 0002:00002BE4 00000020 C=BSS      S=.bss     G=DGROUP   M=Forms    ACBP=A9
 0002:00002C04 00000004 C=BSS      S=.bss     G=DGROUP   M=MaxMin   ACBP=A9
 0002:00002C08 00000004 C=BSS      S=.bss     G=DGROUP   M=RXConst  ACBP=A9
 0002:00002C0C 00000004 C=BSS      S=.bss     G=DGROUP   M=RXCConst ACBP=A9
 0002:00002C10 00000004 C=BSS      S=.bss     G=DGROUP   M=VCLUtils ACBP=A9
 0002:00002C14 00000004 C=BSS      S=.bss     G=DGROUP   M=RxTimer  ACBP=A9
 0002:00002C18 00000008 C=BSS      S=.bss     G=DGROUP   M=RxHook   ACBP=A9
 0002:00002C20 00000004 C=BSS      S=.bss     G=DGROUP   M=Animate  ACBP=A9
 0002:00002C24 00000404 C=BSS      S=.bss     G=DGROUP   M=RxGraph  ACBP=A9
 0002:00003028 00000004 C=BSS      S=.bss     G=DGROUP   M=IcoList  ACBP=A9
 0002:0000302C 00000008 C=BSS      S=.bss     G=DGROUP   M=ClipIcon ACBP=A9
 0002:00003034 00000004 C=BSS      S=.bss     G=DGROUP   M=AniFile  ACBP=A9
 0002:00003038 00000004 C=BSS      S=.bss     G=DGROUP   M=RxGConst ACBP=A9
 0002:0000303C 00000008 C=BSS      S=.bss     G=DGROUP   M=RxGIF    ACBP=A9
 0002:00003044 00000004 C=BSS      S=.bss     G=DGROUP   M=GIFCtrl  ACBP=A9
 0002:00003048 00000008 C=BSS      S=.bss     G=DGROUP   M=UEntrada ACBP=A9
 0002:00003050 0000000C C=BSS      S=.bss     G=DGROUP   M=UExecutar ACBP=A9


  Address         Publics by Name

 0002:00002670       .1
 0002:00002668       .1
 0002:00002AFC       .1
 0002:00002ABC       .1
 0002:00002C08       .1
 0002:00002888       .1
 0002:000028F4       .1
 0002:00002920       .1
 0002:00002934       .1
 0002:00003038       .1
 0002:00003030       .1
 0002:00002C04       .1
 0002:00002A64       .1
 0002:00002A60       .1
 0002:00002A5C       .1
 0002:00002A58       .1
 0002:00002A54       .1
 0002:0000283C       .1
 0002:00002A4C       .1
 0002:00002A3C       .1
 0002:00002AAC       .1
 0002:00002B38       .1
 0002:0000267C       .1
 0002:00002968       .1
 0002:00002A6C       .1
 0002:00002A68       .1
 0002:00002C0C       .1
 0002:00002678       .1
 0002:00002A70       .11
 0002:00002AA8       .12
 0002:00002890       .12
 0002:000028EC       .2
 0002:00002B20       .2
 0002:00003044       .2
 0002:00002C10       .2
 0002:00002C14       .2
 0002:0000304C       .2
 0002:00002C18       .2
 0002:00003058       .2
 0002:00002AB4       .2
 0002:00002C24       .2
 0002:00003028       .2
 0002:00002938       .2
 0002:000028F0       .21
 0002:00002AF0       .3
 0002:00002C20       .3
 0002:00002BC8       .3
 0002:00002844       .3
 0002:00002944       .3
 0002:00003034       .3
 0002:00002940       .3
 0002:00002674       .3
 0002:00002790       .35
 0002:00002B10       .36
 0002:00002AC0       .4
 0002:00002A50       .4
 0002:00002BEC       .41
 0002:00002B28       .42
 0002:00002854       .45
 0002:00002AF8       .5
 0002:000027F8       .5
 0002:000025B8       .5
 0002:00003040       .5
 0002:00002840       .6
 0002:0000297C       .6
 0002:00002B4C       .72
 0002:00002B00       .72
 0002:00002B2C       .73
 0002:00002BC4       .8
 0002:00002B0C       .8
 0002:00002AF4       .8
 0002:0000281C       .81
 0002:00002BDC       .9
 0001:00001EF4       @AbstractError
 0001:00002FAC       @AfterConstruction
 0001:00002DD8       @AsClass
 0001:000021CC       @Assign
 0001:000023BC       @AStrCmp
 0001:00002FBC       @BeforeDestruction
 0001:00002E24       @CallDynaInst
 0001:00002F54       @ClassCreate
 0001:00002FA4       @ClassDestroy
 0001:00002288       @Close
 0001:00001C3C       @Copy
 0001:0000468C       @CopyArray
 0001:00004570       @CopyRecord
 0001:000047A4       @DispCallByIDError
 0001:0000EA14       @DispInvokeError
 0001:00004794       @Dispose
 0001:00003438       @DoneExcept
 0001:000049F4       @DynArrayAsg
 0001:000049B8       @DynArrayClear
 0001:000047D8       @DynArrayHigh
 0001:000047D0       @DynArrayLength
 0001:000049AC       @DynArraySetLength
 0001:0000242C       @EofText
 0001:00003520       @ExceptionHandler
 0001:00002464       @FillChar
 0001:0000454C       @Finalize
 0001:00004460       @FinalizeArray
 0001:00004414       @FinalizeRecord
 0001:00002E3C       @FindDynaInst
 0001:00002B54       @FpuInit
 0001:00002A90       @FpuMaskInit
 0001:00001AB0       @FreeMem
 0001:00001A80       @GetMem
 0001:0000587C       @GetTls
 0001:00003990       @Halt
 0001:000038B0       @Halt0
 0001:000030D0       @HandleAnyException
 0001:00003384       @HandleFinally
 0001:000031FC       @HandleOnException
 0001:000058C8       @InitExe
 0001:00004408       @Initialize
 0001:00004374       @InitializeArray
 0001:00004344       @InitializeRecord
 0001:00003774       @InitImports
 0001:0000374C       @InitResStringImports
 0001:00003728       @InitResStrings
 0001:000051C0       @IntfAddRef
 0001:00005190       @IntfCast
 0001:0000514C       @IntfClear
 0001:00005164       @IntfCopy
 0001:00002DB4       @IsClass
 0001:00002A60       @isNECWindows
 0001:00003E58       @LStrAddRef
 0001:000039CC       @LStrArrayClr
 0001:000039FC       @LStrAsg
 0001:00003C70       @LStrCat
 0001:00003CB4       @LStrCat3
 0001:00003D28       @LStrCatN
 0001:000039A8       @LStrClr
 0001:00003DB4       @LStrCmp
 0001:00003EC8       @LStrCopy
 0001:00003F08       @LStrDelete
 0001:00003C18       @LStrFromArray
 0001:00003B90       @LStrFromChar
 0001:00003BA0       @LStrFromPChar
 0001:00003A98       @LStrFromPCharLen
 0001:00003BD0       @LStrFromPWChar
 0001:00003B04       @LStrFromPWCharLen
 0001:00003C0C       @LStrFromString
 0001:00003C30       @LStrFromWStr
 0001:00003F50       @LStrInsert
 0001:00003A40       @LStrLAsg
 0001:00003C68       @LStrLen
 0001:00004058       @LStrOfChar
 0001:00003FAC       @LStrPos
 0001:00003FF4       @LStrSetLength
 0001:00003E68       @LStrToPChar
 0001:00003C44       @LStrToString
 0001:00004780       @New
 0001:00003A6C       @NewAnsiString
 0001:0000408C       @NewWideString
 0001:00002774       @Pow10
 0001:00002338       @PStrCmp
 0001:00002310       @PStrCpy
 0001:000022E0       @PStrNCat
 0001:0000231C       @PStrNCpy
 0001:000033E4       @RaiseAgain
 0001:000033BC       @RaiseExcept
 0001:000024C0       @ReadChar
 0001:00002624       @ReadLn
 0001:000025B8       @ReadLString
 0001:000025AC       @ReadString
 0001:00001AD0       @ReallocMem
 0001:00001F68       @ResetText
 0001:00001EC4       @ROUND
 0001:0000399C       @RunError
 0001:00002758       @SetEq
 0001:00001EA8       @SetLength
 0001:000036E8       @StartExe
 0001:000002F4       @strlen
 0001:00001ED0       @TRUNC
 0001:00003468       @TryFinallyExit
 0001:00003EC0       @UniqueStringA
 0001:00002654       @ValLong
 0001:0001010C       @VarAddRef
 0001:0000ED00       @VarClear
 0001:0000ED14       @VarClr
 0001:00004448       @VarClr
 0001:00004558       @VarCopy
 0001:0000F03C       @VarCopy
 0001:00010044       @VarFromBool
 0001:00010094       @VarFromCurr
 0001:0000FFDC       @VarFromInt
 0001:00010018       @VarFromInt64
 0001:000100A8       @VarFromLStr
 0001:0001006C       @VarFromReal
 0001:00010080       @VarFromTDateTime
 0001:000100D4       @VarFromWStr
 0001:0000EA68       @VarNull
 0001:0000F368       @VarToLStr
 0001:0000FA88       @VarToWStr
 0001:000040CC       @WStrArrayClr
 0001:000040F0       @WStrAsg
 0001:000040B4       @WStrClr
 0001:0000422C       @WStrCmp
 0001:000042B0       @WStrCopy
 0001:00004200       @WStrFromLStr
 0001:00004114       @WStrFromPCharLen
 0001:000041C4       @WStrFromPWChar
 0001:000041A0       @WStrFromPWCharLen
 0001:00004220       @WStrLen
 0001:000042FC       @WStrSetLength
 0001:00004210       @WStrToPWChar
 0001:00002734       @_CLenToPasStr
 0001:00002728       @_CToPasStr
 0001:00001C0C       @_IOTest
 0001:000047AC       @_llmul
 0001:0000B500       Abort
 0001:000356C8       AbsMin
 0001:0000B884       AbstractErrorHandler
 0002:00002028       AbstractErrorProc
 0002:00000144       AccessMode
 0001:00001B6C       AcquireExceptionObject
 0001:00013688       ActivateClassGroup
 0001:00005F48       ActivateKeyboardLayout
 0002:00002B80       ActiveDrag
 0001:000112F0       ActiveX
 0001:0004496C       ActnList
 0001:00000454       AddBlockAfter
 0002:000003B8       AddDataModule
 0001:0000774C       AddExitProc
 0001:000167B0       AddFinished
 0001:00048168       AddIn
 0001:00004FB4       AddModuleUnloadProc
 0001:00004FA4       AddModuleUnloadProc
 0001:000167E8       AddNotFinished
 0001:0001720C       AddSubComponentsToLoaded
 0001:0005AB88       AddToHistogram
 0001:0001E80C       AdjustColor
 0001:00029A90       AdjustColors
 0001:0004F20C       Adjustment
 0001:00005F50       AdjustWindowRectEx
 0002:00000D2C       Alignments
 0002:00000AC8       Alignments
 0002:00000D3C       Alignments
 0002:000007E0       Alignments
 0001:00056204       AlignWork
 0001:0003AD34       AlignWork
 0001:0001A900       AllocateHWnd
 0001:000076F0       AllocMem
 0002:000025B0       AllocMemCount
 0001:000598C8       AllocMemo
 0002:000025B4       AllocMemSize
 0001:00023BA0       AllocPatternBitmap
 0001:00005824       AllocTlsBuffer
 0002:00000B18       AnchorAlign
 0001:0005B8A0       AniFile
 0001:00059A7C       Animate
 0002:00000B0C       AnimateWindowProc
 0002:00000C14       AnimationStyle
 0001:00007954       AnsiCompareStr
 0001:0000798C       AnsiCompareText
 0001:000082F8       AnsiLastChar
 0001:00005F58       AnsiLower
 0001:00007920       AnsiLowerCase
 0001:0000C28C       AnsiLowerCaseFileName
 0001:0000C250       AnsiPos
 0001:0004C9F0       AnsiSameCaption
 0001:000079C4       AnsiSameText
 0001:000079DC       AnsiStrLIComp
 0001:0000C318       AnsiStrPos
 0001:0000C3D8       AnsiStrRScan
 0001:0000C420       AnsiStrScan
 0001:000055C0       AnsiToUtf8
 0001:000078EC       AnsiUpperCase
 0001:00009818       AppendChars
 0001:00009BE4       AppendFormat
 0001:0000987C       AppendNumber
 0001:0000985C       AppendString
 0002:00002BE4       Application
 0002:000003C8       ApplicationHandleException
 0002:000003D0       ApplicationShowException
 0002:00000E68       AppVisible
 0001:0000B868       AssertErrorHandler
 0002:00002020       AssertErrorProc
 0001:00010D88       AssignLongStr
 0001:0001112C       AssignVariant
 0002:00002608       avail
 0001:00008470       BackfillGetDiskFreeSpaceEx
 0001:0003825C       BackgroundClipped
 0001:0000DA08       BackupVarBoolFromStr
 0001:0000DB68       BackupVarBStrFromBool
 0001:0000DA88       BackupVarBStrFromCy
 0001:0000DAF8       BackupVarBStrFromDate
 0001:0000D99C       BackupVarCyFromStr
 0001:0000D930       BackupVarDateFromStr
 0001:0000D7EC       BackupVarI4FromStr
 0001:0000D798       BackupVariantChangeTypeEx
 0001:0000D858       BackupVarR4FromStr
 0001:0000D8C4       BackupVarR8FromStr
 0001:0000BE64       Beep
 0001:000139E0       BeginGlobalLoading
 0001:00005F60       BeginPaint
 0001:0001E818       BetterSize
 0001:00048FFC       BiDiDraw
 0001:00005D18       BitBlt
 0002:00000990       BitBtnCaptions
 0002:00002AC4       BitBtnGlyphs
 0002:000009BC       BitBtnModalResults
 0002:00000964       BitBtnResNames
 0002:000006D4       BitmapCanvasList
 0002:000028A8       BitmapImageLock
 0001:0005B38C       BitmapToMemoryStream
 0001:0000D7D4       BiUnimplemented
 0002:000003F0       BlockCode
 0002:000025E0       blockDescBlockList
 0002:000025E4       blockDescFreeList
 0002:000003AC       BooleanIdents
 0002:00000328       BooleanToStringRule
 0001:00007E14       BoolToStr
 0001:0000F0F0       BoolToWStrViaOS
 0002:00000AC0       BorderStyles
 0002:000007D8       BorderStyles
 0001:00005980       Bounds
 0001:0001296C       Bounds
 0002:00003054       bPastaRelatorio
 0002:00000CD4       Breaks
 0002:000028E0       BrushManager
 0001:0004B7D0       BuildImage
 0002:00000780       ButtonCaptions
 0002:00000754       ButtonNames
 0002:00000D50       Buttons
 0001:0002C6E0       Buttons
 0002:00000B04       ButtonStyles
 0002:00002A7C       ButtonWidths
 0001:0001DFE4       BytesPerScanline
 0001:0005B0C4       BytesPerScanline
 0001:0001E348       ByteSwapColors
 0001:0000BF48       ByteToCharIndex
 0001:0000BF20       ByteToCharLen
 0001:0000BEE4       ByteType
 0001:0000BE6C       ByteTypeTest
 0002:00002BCC       CachedComCtrlVer
 0001:0001A83C       CalcJmpOffset
 0001:000429F4       CalcSplitterPos
 0001:00005F68       CallNextHookEx
 0001:0000CC2C       CallTerminateProcs
 0001:00005F70       CallWindowProc
 0001:00036700       CancelDrag
 0002:000028E4       CanvasList
 0002:00002B94       CanvasList
 0002:0000072C       Captions
 0002:00000BD0       CaptureControl
 0002:00000C74       cBooleanToItemAutoFlag
 0002:00000A1C       CenterStyles
 0002:00002AB2       CF_COMPONENT
 0002:0000303C       CF_GIF
 0002:0000302C       CF_ICON
 0002:00002AB0       CF_PICTURE
 0002:00002814       ChangeAnyProc
 0001:00034C80       ChangeBiDiModeAlignment
 0002:00000AE8       CharCases
 0001:00003AC8       CharFromWChar
 0001:0000C12C       CharLength
 0001:00005F78       CharLowerBuff
 0001:00005F80       CharNext
 0001:0000026C       CharNext
 0001:0001C8DC       CharsetToIdent
 0001:0000C034       CharToByteIndex
 0001:0000C098       CharToByteLen
 0001:00005F88       CharToOemA
 0001:00005F90       CharUpperBuff
 0001:0001EDFC       CheckBool
 0001:0000304C       CheckJmp
 0001:00005F98       CheckMenuItem
 0002:00000CC4       Checks
 0001:00017248       CheckSubComponents
 0001:00019614       CheckSynchronize
 0001:0004EC48       CheckTaskWindow
 0001:000363B4       CheckUndock
 0001:0000BD58       CheckWin32Version
 0002:0000032C       CInvalidCustomVariantType
 0002:00000C78       cItemAutoFlagToBoolean
 0002:00000C70       cItemAutoFlagToMenu
 0001:0001AA8C       Classes
 0001:00013418       ClassNotFound
 0002:00002810       ClearAnyProc
 0001:0001C15C       ClearColor
 0001:0005AB44       ClearHistogram
 0001:00010448       ClearVariantTypeList
 0001:00005FA0       ClientToScreen
 0001:0003FF98       ClientToWindow
 0002:000006CC       ClipboardFormats
 0001:0002A2B8       Clipbrd
 0001:0005B7F0       ClipIcon
 0001:00005FA8       CloseClipboard
 0001:00005AB8       CloseHandle
 0001:0000020C       CloseHandle
 0002:00002984       CloseThemeData
 0002:0000203C       CmdLine
 0002:00002038       CmdShow
 0002:00000C6C       cMenuAutoFlagToItem
 0001:0000D7E0       CmpUnimplemented
 0002:0000044C       Colors
 0001:0005BB38       ColorsToBits
 0001:0001C6D4       ColorToIdent
 0002:000007EC       ColorToPretyName
 0001:0001C6C4       ColorToRGB
 0002:000028F8       ComCtl32DLL
 0002:00002B1C       ComCtlVersion
 0001:0002DCD4       ComCtrls
 0002:00002BE0       CommandPool
 0001:00024238       CommCtrl
 0001:00026AB4       CommDlg
 0001:000007D4       Commit
 0002:00002624       committedRoot
 0002:00000A34       CommonAVIId
 0001:0004774C       CompareFront
 0001:00059910       CompareMem
 0001:00007854       CompareMem
 0001:00007824       CompareStr
 0001:00005AC0       CompareString
 0001:00007874       CompareText
 0001:00007D3C       CompareWith
 0001:00017328       ComponentCreated
 0001:0001EBBC       ComputeAldusChecksum
 0001:0002A274       ComStrs
 0001:0001ADE8       Consts
 0001:000240A0       Contnrs
 0002:00002B52       ControlAtom
 0002:00002B58       ControlAtomString
 0001:000539F4       ControlHasHelp
 0001:00043674       Controls
 0001:0000B290       ConvertAddr
 0001:0005DABC       ConvertBitsPerPixel
 0001:00009970       ConvertEraString
 0001:000076CC       ConvertErrorFmt
 0001:00009ADC       ConvertYearString
 0001:000047E0       CopyArray
 0001:0002109C       CopyBitmap
 0001:00021764       CopyBitmapAsMask
 0001:00005D20       CopyEnhMetaFile
 0001:00005AC8       CopyFile
 0001:0002C490       CopyImage
 0001:00021700       CopyPalette
 0002:00000A5C       Copyright
 0001:0004A87C       CopyToBest
 0001:0000BFA4       CountChars
 0002:000028C0       CounterLock
 0002:00000330       CRangeToType
 0001:0000B7AC       CreateAssertException
 0001:0000B934       CreateAVObject
 0001:00005D28       CreateBitmap
 0001:00005D30       CreateBrushIndirect
 0001:00005D38       CreateCompatibleBitmap
 0001:00005D40       CreateCompatibleDC
 0001:000173A8       CreateComponent
 0001:00005D50       CreateDIBitmap
 0001:00005D48       CreateDIBSection
 0001:000084F0       CreateDir
 0001:00005AD0       CreateDirectory
 0001:00005AD8       CreateEvent
 0001:00005AE0       CreateFile
 0001:00000214       CreateFileA
 0001:00005D58       CreateFontIndirect
 0001:00005D60       CreateHalftonePalette
 0001:0005AAF8       CreateHistogram
 0001:00005FB0       CreateIcon
 0001:0000B6D8       CreateInOutError
 0001:00005FB8       CreateMenu
 0001:00027574       CreateMessageDialog
 0001:00005D68       CreatePalette
 0001:00005D70       CreatePen
 0001:00005D78       CreatePenIndirect
 0001:00005FC0       CreatePopupMenu
 0001:0002D620       CreateResStream
 0001:00005D80       CreateSolidBrush
 0001:0001E3A0       CreateSystemPalette
 0001:00005AE8       CreateThread
 0001:000065B0       CreateWindow
 0001:00006558       CreateWindowEx
 0002:00000B10       CreationControl
 0002:00000724       CreationControl
 0002:00000398       CRelationshipToBoolean
 0002:00000314       CResult
 0002:0000013C       cSimpleBoolStrs
 0002:00000344       CText
 0002:00000C0C       Ctl3DStyles
 0002:0000261C       curAlloc
 0002:00002688       CurrencyDecimals
 0002:00002684       CurrencyFormat
 0002:00002680       CurrencyString
 0001:00009804       CurrentYear
 0001:00009390       CurrToStr
 0001:0000F080       CurrToWStrViaOS
 0002:00000DEC       CursorMap
 0002:00000B20       Cursors
 0001:00034FA0       CursorToIdent
 0002:00000DDC       cUseAlpha
 0002:00000DE4       cUseColorKey
 0001:00007AB0       CvtInt
 0001:00007B1C       CvtInt64
 0002:0000017C       CWNear
 0002:00002689       DateSeparator
 0001:0000A418       DateTimeToStr
 0001:0000A3BC       DateTimeToString
 0001:00009450       DateTimeToTimeStamp
 0001:0000F0B8       DateToWStrViaOS
 0001:000097DC       DayOfWeek
 0002:00000178       DCon10
 0002:00000448       DDBsOnly
 0001:0001A9B4       DeallocateHWnd
 0002:00000028       DebugHook
 0002:00002687       DecimalSeparator
 0001:000097BC       DecodeDate
 0001:0000966C       DecodeDateFully
 0001:00009504       DecodeTime
 0001:00000894       Decommit
 0001:00000FC0       DecommitFree
 0002:000025F8       decommittedRoot
 0001:00051674       Default
 0001:00056E40       Default
 0002:00000020       Default8087CW
 0002:00000B14       DefaultDockTreeClass
 0002:00000E74       DefaultMappingMethod
 0002:00000034       DefaultTextLineBreakStyle
 0002:000025BC       DefaultUserCodePage
 0002:0000069C       DefBrushData
 0002:0000041C       DefFontData
 0001:00005FC8       DefFrameProc
 0002:00000208       DefLongDayNames
 0002:000001BC       DefLongMonthNames
 0001:00005FD0       DefMDIChildProc
 0002:0000067C       DefPenData
 0002:000001EC       DefShortDayNames
 0002:0000018C       DefShortMonthNames
 0001:00005FD8       DefWindowProc
 0001:00004A4C       DelayLoadResourceModule
 0001:000004B0       DeleteBlock
 0001:00005AF0       DeleteCriticalSection
 0001:000003C0       DeleteCriticalSection
 0001:00005D88       DeleteDC
 0001:00005D90       DeleteEnhMetaFile
 0001:00005AF8       DeleteFile
 0001:000082E0       DeleteFile
 0001:00000DA8       DeleteFree
 0001:0005AB78       DeleteHistogram
 0001:00005FE0       DeleteMenu
 0001:00005D98       DeleteObject
 0001:00020C58       DeselectBitmap
 0001:00005FE8       DestroyCursor
 0001:00005FF0       DestroyIcon
 0001:0002C5A0       DestroyLocals
 0001:00005FF8       DestroyMenu
 0001:00006000       DestroyWindow
 0001:00032528       DialogEnumerationTester
 0001:00027DE4       Dialogs
 0001:0005B2BC       DIBFromBit
 0002:000006D8       DIBPalSizes
 0002:00000090       dig
 0001:000080D8       DirectoryExists
 0001:0004EA84       DisableTaskWindows
 0001:00006008       DispatchMessage
 0001:00054CD4       DispatchShortCut
 0002:00002000       DispCallByIDProc
 0001:00059C7C       DivideMap
 0001:000076B0       DivMod
 0001:00026AEC       Dlgs
 0001:0003ABC4       DoAlign
 0001:000560B8       DoAlign
 0001:0003EC78       DoCalcConstraints
 0002:00002B88       DockSiteList
 0001:0004B49C       DoClick
 0001:0003C308       DoControlMsg
 0001:0004EA34       DoDisableWindow
 0001:00035CE0       DoDragOver
 0001:00007710       DoExitProc
 0001:00040CC8       DoFindControlZone
 0001:0004EB88       DoFindWindow
 0001:00041254       DoFindZone
 0001:00040D4C       DoForEach
 0001:00042658       DoGetNextLimit
 0001:0004E9FC       DoneApplication
 0001:000433B8       DoneControls
 0001:0000BC68       DoneExceptions
 0001:00053050       DoNestedActivation
 0001:000195D4       DoneThreadSynchronization
 0001:0005815C       DoOnHelp
 0001:0003A784       DoPosition
 0001:00055F08       DoPosition
 0001:00041C80       DoPrune
 0001:00028F50       DoRect
 0001:00042158       DoSaveZone
 0001:0004235C       DoSetNewBounds
 0002:000003B4       DotSep
 0001:0001482C       DoWrite
 0001:00045DAC       DoWrite
 0001:0001FD74       DoWrite
 0001:0001F054       DoWrite
 0001:0003B8F0       DoWriteDesignSize
 0001:0003935C       DoWriteIsControl
 0002:00002B6C       DragCapture
 0002:00002B60       DragControl
 0001:00036428       DragDone
 0001:00035C90       DragFindTarget
 0001:00035C64       DragFindWindow
 0002:00002B84       DragImageList
 0001:00036080       DragInit
 0001:000361F0       DragInitControl
 0002:00002B68       DragInternalObject
 0001:00035BAC       DragMessage
 0002:00002B64       DragObject
 0002:00002B90       DragSave
 0002:00002B78       DragSaveCursor
 0002:00002B70       DragStartPos
 0002:00002B7C       DragThreshold
 0001:00035DB0       DragTo
 0001:00056E7C       DrawAppIcon
 0002:00000E70       DrawBitmap
 0001:000417EC       DrawCloseButton
 0001:00006010       DrawEdge
 0001:00006018       DrawFocusRect
 0001:00006020       DrawFrameControl
 0001:00041844       DrawGrabberLine
 0001:00006028       DrawIcon
 0001:00006030       DrawIconEx
 0002:00000C48       DrawingStyles
 0001:00006038       DrawMenuBar
 0001:0004C80C       DrawMenuItem
 0001:00006040       DrawText
 0002:00002988       DrawThemeBackground
 0002:000029AC       DrawThemeEdge
 0002:000029B0       DrawThemeIcon
 0002:00002A34       DrawThemeParentBackground
 0002:0000298C       DrawThemeText
 0001:000599EC       DropHookList
 0001:0001DE64       DupBits
 0001:000047F8       DynArrayClear
 0001:00004800       DynArraySetLength
 0002:00000D34       EdgeStyle
 0002:00000BFC       EdgeStyles
 0001:0000B6AC       EHeapException.FreeInstance
 0001:00006048       EmptyClipboard
 0002:000027FC       EmptyParam
 0002:000000C0       EmptyStr
 0002:000000C4       EmptyWideStr
 0001:00006050       EnableMenuItem
 0002:00000CCC       Enables
 0001:00006058       EnableScrollBar
 0001:0004EB38       EnableTaskWindows
 0002:00002A1C       EnableThemeDialogTexture
 0002:00002A38       EnableTheming
 0001:00006060       EnableWindow
 0001:00013A68       EndGlobalLoading
 0001:00006068       EndPaint
 0001:000003B0       EnterCriticalSection
 0001:00005B00       EnterCriticalSection
 0001:00005B08       EnumCalendarInfoA
 0002:0000291C       EnumDisplayMonitors
 0001:0000AF04       EnumEraNames
 0001:0000AF40       EnumEraYearOffsets
 0001:00051C38       EnumMonitorsProc
 0001:00004F64       EnumResourceModules
 0001:00004F6C       EnumResourceModules
 0001:00007E80       EnumStringModules
 0001:00006070       EnumThreadWindows
 0001:00016B58       EnumValue
 0001:00006078       EnumWindows
 0001:00006080       EqualRect
 0002:00002750       EraNames
 0001:0000A690       EraToYear
 0002:0000276C       EraYearOffsets
 0002:00000068       errCaption
 0001:0001633C       Error
 0001:00012FBC       Error
 0001:0004749C       Error
 0001:00001C00       Error
 0002:00000004       ErrorAddr
 0001:00001BB4       ErrorAt
 0001:0000B758       ErrorHandler
 0002:00000224       ErrorMap
 0002:00002008       ErrorProc
 0002:000023E4       ErrOutput
 0001:00001B40       ExceptAddr
 0002:0000200C       ExceptClsProc
 0001:0000BBD4       ExceptHandler
 0001:0000B520       Exception.Create
 0001:0000B55C       Exception.CreateFmt
 0001:0000B5DC       Exception.CreateRes
 0001:0000B618       Exception.CreateResFmt
 0002:0000201C       ExceptionClass
 0001:0000B29C       ExceptionErrorMessage
 0002:0000025C       ExceptMap
 0001:00001B20       ExceptObject
 0002:00002010       ExceptObjProc
 0002:00002004       ExceptProc
 0001:00005DA0       ExcludeClipRect
 0001:0000C218       ExcludeTrailingPathDelimiter
 0002:00000000       ExitCode
 0001:000037F4       ExitDll
 0002:00002044       ExitProc
 0001:00000274       ExitProcess
 0002:00002024       ExitProcessProc
 0002:00000138       ExitProcList
 0001:00008434       ExpandFileName
 0001:0002C8CC       ExtActns
 0001:0002A214       ExtCtrls
 0001:0002C738       ExtDlgs
 0002:00000EB4       ExtLabels
 0001:000083EC       ExtractFileExt
 0001:000083B4       ExtractFileName
 0001:00008380       ExtractFilePath
 0002:0000278C       FalseBoolStrs
 0002:00002AB8       FClipboard
 0002:0000016C       FCon1E18
 0001:00008060       FileAge
 0001:00008058       FileClose
 0001:00007FC0       FileCreate
 0001:00007F9C       FileCreate
 0001:000080C8       FileExists
 0002:000006D0       FileFormats
 0002:00000008       FileMode
 0001:00001FB0       FileNOPProc
 0001:00007F44       FileOpen
 0001:00007FC8       FileRead
 0002:000003E0       FilerSignature
 0001:00008020       FileSeek
 0001:00005B10       FileTimeToDosDateTime
 0001:00005B18       FileTimeToLocalFileTime
 0001:00007FF4       FileWrite
 0001:00000EE0       FillAfterGap
 0001:00000E80       FillBeforeGap
 0001:0005C8C4       FillColorTable
 0001:00000F80       FillerSizeAfterGap
 0001:00000F08       FillerSizeBeforeGap
 0001:00006088       FillRect
 0001:0005C054       FillRGBPalette
 0001:00023BD8       Finalization
 0001:00023DB8       Finalization
 0001:0000DF34       Finalization
 0001:00024070       Finalization
 0001:0000599C       Finalization
 0001:00024208       Finalization
 0001:0000590C       Finalization
 0001:000056DC       Finalization
 0001:0004360C       Finalization
 0001:0004493C       Finalization
 0001:00024988       Finalization
 0001:000464FC       Finalization
 0001:000249C8       Finalization
 0001:000259B0       Finalization
 0001:0001ADB8       Finalization
 0001:0001A9DC       Finalization
 0001:000327A0       Finalization
 0001:000259F8       Finalization
 0001:0004CAEC       Finalization
 0001:00025A30       Finalization
 0001:00006A58       Finalization
 0001:00031B1C       Finalization
 0001:00006738       Finalization
 0001:000319B4       Finalization
 0001:00006700       Finalization
 0001:0002E7B8       Finalization
 0001:0002DC5C       Finalization
 0001:00025D54       Finalization
 0001:00025F00       Finalization
 0001:0002C8D4       Finalization
 0001:0002C87C       Finalization
 0001:00059170       Finalization
 0001:00026884       Finalization
 0001:000268F4       Finalization
 0001:0002692C       Finalization
 0001:0002696C       Finalization
 0001:000269A4       Finalization
 0001:00059220       Finalization
 0001:000269DC       Finalization
 0001:00026A14       Finalization
 0001:00059258       Finalization
 0001:00026A4C       Finalization
 0001:000592F0       Finalization
 0001:00026A84       Finalization
 0001:00026ABC       Finalization
 0001:00059974       Finalization
 0001:000599B4       Finalization
 0001:000112C0       Finalization
 0001:00059A00       Finalization
 0001:00011268       Finalization
 0001:00059A4C       Finalization
 0001:0005B748       Finalization
 0001:00027D88       Finalization
 0001:00010AA0       Finalization
 0001:0000D578       Finalization
 0001:0005B788       Finalization
 0001:00010894       Finalization
 0001:0005B7C0       Finalization
 0001:0005B870       Finalization
 0001:0005B8A8       Finalization
 0001:0002A1CC       Finalization
 0001:0002A244       Finalization
 0001:0005FCD4       Finalization
 0001:0002A27C       Finalization
 0001:0005FDD8       Finalization
 0001:0002A310       Finalization
 0001:0005FFDC       Finalization
 0001:00062324       Finalization
 0001:0006235C       Finalization
 0001:0002C6A8       Finalization
 0001:0002C708       Finalization
 0001:0002C758       Finalization
 0001:0002C7C0       Finalization
 0001:0002C824       Finalization
 0001:000047F0       FinalizeArray
 0001:00003608       FinalizeUnits
 0001:0004B25C       Find
 0001:00004ADC       FindBS
 0001:000134D8       FindClass
 0001:00004A44       FindClassHInstance
 0001:00000284       FindClose
 0001:000082C4       FindClose
 0001:00005B20       FindClose
 0001:0005BBC0       FindColorIndex
 0001:00000E3C       FindCommitted
 0001:00034D80       FindControl
 0001:00041480       FindControlAtPos
 0001:000106EC       FindCustomVariantType
 0001:000107A4       FindCustomVariantType
 0001:0003674C       FindDragTarget
 0001:00017558       FindExistingComponent
 0001:0005BE14       FindExtension
 0001:00008250       FindFirst
 0001:0000028C       FindFirstFile
 0001:00005B28       FindFirstFile
 0001:000138F8       FindGlobalComponent
 0001:0004EC94       FindGlobalComponent
 0002:00002860       FindGlobalComponentProcs
 0001:00004A1C       FindHInstance
 0001:000137A0       FindIdentToInt
 0001:000081E4       FindMatchingFile
 0002:00002A78       FindMsg
 0001:000166E8       FindNestedComponent
 0001:000082A0       FindNext
 0001:00005B30       FindNextFile
 0001:00047464       FindPopupControl
 0001:0000DBFC       FindProc
 0001:00005B38       FindResource
 0001:00004A94       FindResourceHInstance
 0001:000589A0       FindScanline
 0001:00007EBC       FindStringResource
 0001:0004EBEC       FindTopMostWindow
 0001:0001843C       FindUniqueName
 0001:00036718       FindVCLWindow
 0001:00006090       FindWindow
 0001:00032580       FindWinHelp
 0001:00021050       FixupBitFields
 0002:00000D44       Flags
 0002:0000279C       FLanguages
 0001:00025D84       FlatSB
 0002:00002948       FlatSB_EnableScrollBar
 0002:00002954       FlatSB_GetScrollInfo
 0002:00002958       FlatSB_GetScrollPos
 0002:00002950       FlatSB_GetScrollRange
 0002:00002960       FlatSB_SetScrollInfo
 0002:0000295C       FlatSB_SetScrollPos
 0001:00025A74       FlatSB_SetScrollProp
 0002:00002964       FlatSB_SetScrollRange
 0002:0000294C       FlatSB_ShowScrollBar
 0001:00009020       FloatToDecimal
 0001:00009360       FloatToStr
 0001:00008D4C       FloatToText
 0001:0000227C       Flush
 0001:0005C878       FlushCode
 0002:00000180       FMSecsPerDay
 0001:00008C40       FmtStr
 0002:00000D60       FocusCount
 0002:00000D5C       FocusMessages
 0002:000005EC       FontCharsets
 0002:000028D8       FontManager
 0001:000080FC       ForceDirectories
 0001:0004EC68       ForegroundTask
 0001:00008C2C       Format
 0002:00000188       Format
 0001:0000881C       FormatBuf
 0001:00008810       FormatClearStr
 0001:00008794       FormatError
 0002:00000164       FormatErrorStrs
 0001:00005B40       FormatMessage
 0001:000087EC       FormatVarToStr
 0001:000591CC       Forms
 0001:0000276C       FPower10
 0002:00000720       FPrinter
 0001:00029014       Frame3D
 0001:00006098       FrameRect
 0001:0000D158       FreeAndNil
 0001:00000B3C       FreeCommitted
 0001:00001174       FreeCurAlloc
 0001:0003680C       FreeDeviceContext
 0001:000368C8       FreeDeviceContexts
 0001:0005BDE4       FreeExtensions
 0001:0001A7A8       FreeIntConstList
 0001:00005B48       FreeLibrary
 0001:00000294       FreeLibrary
 0001:000598F8       FreeMemo
 0001:00020BAC       FreeMemoryContexts
 0001:0001A8DC       FreeObjectInstance
 0001:00005B58       FreeResource
 0001:0000070C       FreeSpace
 0001:0000CC58       FreeTerminateProcs
 0001:00025F38       FreeThemeLibrary
 0002:00002B18       FRichEditModule
 0002:00003048       FrmEntrada
 0002:00003050       FrmExecutar
 0001:0001DE54       GDICheck
 0001:0001DDAC       GDIError
 0001:00001EBC       Get8087CW
 0001:00005B60       GetACP
 0001:000060A0       GetActiveWindow
 0001:00056594       GetAnimation
 0001:00026ED0       GetAveCharSize
 0001:0002A99C       GetBitBtnGlyph
 0001:00005DA8       GetBitmapBits
 0001:0005B0BC       GetBitmapPixelFormat
 0001:000003C8       GetBlockDesc
 0001:00005DB0       GetBrushOrgEx
 0001:000060A8       GetCapture
 0001:00035048       GetCaptureControl
 0001:00013484       GetClass
 0001:000060B0       GetClassInfo
 0001:000060B8       GetClassName
 0001:000060C0       GetClientRect
 0001:000060C8       GetClipboardData
 0001:0001F8B4       GetClipboardFormats
 0001:00005DB8       GetClipBox
 0001:00000364       GetCmdShow
 0001:00044B94       GetColor
 0001:0002CF84       GetComCtlVersion
 0001:0000029C       GetCommandLine
 0001:00000950       GetCommitted
 0001:000009F8       GetCommittedAt
 0001:0003BEBC       GetControlAtPos
 0001:000098C8       GetCount
 0001:00005B68       GetCPInfo
 0001:00005DC0       GetCurrentPositionEx
 0001:00005B70       GetCurrentProcessId
 0002:00002A2C       GetCurrentThemeName
 0001:00005B78       GetCurrentThreadId
 0001:00000354       GetCurrentThreadId
 0001:000064A0       GetCurrentTime
 0001:000060D0       GetCursor
 0001:000589B0       GetCursorHeightMargin
 0001:000060D8       GetCursorPos
 0001:000098F8       GetDate
 0001:00005B80       GetDateFormat
 0001:0000A5A8       GetDateOrder
 0001:000060E0       GetDC
 0001:000060E8       GetDCEx
 0001:00005DC8       GetDCOrgEx
 0001:000237E0       GetDefFontCharSet
 0001:000060F0       GetDesktopWindow
 0001:00005DE0       GetDeviceCaps
 0001:0001EDE4       GetDIB
 0001:00005DD0       GetDIBColorTable
 0001:00005DD8       GetDIBits
 0001:0001ED2C       GetDIBSizes
 0001:0001DFC4       GetDInColors
 0001:00005B88       GetDiskFreeSpaceA
 0002:00000134       GetDiskFreeSpaceEx
 0001:00042738       GetDockAlign
 0001:000359F0       GetDockSiteAtPos
 0001:00035D1C       GetDropCtl
 0001:00002DF4       GetDynaMethod
 0001:00005DE8       GetEnhMetaFileBits
 0001:00005DF0       GetEnhMetaFileHeader
 0001:00005DF8       GetEnhMetaFilePaletteEntries
 0001:00010B10       GetEnumNameValue
 0001:00010B5C       GetEnumValue
 0001:0000AFB8       GetEraNamesAndYearOffsets
 0001:0000A63C       GetEraYearOffset
 0001:0000B91C       GetExceptionClass
 0001:0000BB08       GetExceptionObject
 0001:0001340C       GetFieldClassTable
 0001:00005B90       GetFileAttributes
 0001:0001F894       GetFileFormats
 0001:00000224       GetFileSize
 0001:0000021C       GetFileType
 0001:0000BD78       GetFileVersion
 0001:00005D00       GetFileVersionInfo
 0001:00005D08       GetFileVersionInfoSize
 0001:000060F8       GetFocus
 0001:0001C8FC       GetFontData
 0001:00006100       GetForegroundWindow
 0001:0000C6CC       GetFormatSettings
 0001:00005B98       GetFullPathName
 0001:0001BE44       GetHashCode
 0001:00053A2C       GetHelpInfo
 0001:00024E48       GetHelpSystem
 0001:00056378       GetHint
 0001:000563B0       GetHintControl
 0001:0004C98C       GetHotkey
 0001:00006108       GetIconInfo
 0001:00006120       GetKeyboardLayout
 0001:00006128       GetKeyboardLayoutList
 0001:00006130       GetKeyboardState
 0001:00002A58       GetKeyboardType
 0001:00006110       GetKeyNameText
 0001:00006118       GetKeyState
 0001:00006138       GetLastActivePopup
 0001:00040A00       GetLastChildZone
 0001:00005BA0       GetLastError
 0001:000002A4       GetLastError
 0001:0000AD7C       GetLocaleChar
 0001:00005BB0       GetLocaleInfo
 0001:000002AC       GetLocaleInfo
 0001:0000AD30       GetLocaleStr
 0001:00005BA8       GetLocalTime
 0001:00035004       GetLongHint
 0001:00005E00       GetMapMode
 0001:00006140       GetMenu
 0001:000539B4       GetMenuHelpContext
 0001:00006148       GetMenuItemCount
 0001:00006150       GetMenuItemID
 0001:00006158       GetMenuItemInfo
 0001:00049AA8       GetMenuSize
 0001:00006160       GetMenuState
 0001:00006168       GetMenuString
 0001:000002B4       GetModuleFileName
 0001:00005BB8       GetModuleFileName
 0001:000002BC       GetModuleHandle
 0001:00005BC0       GetModuleHandle
 0001:00005804       GetModuleHandle
 0002:00002910       GetMonitorInfo
 0002:00002914       GetMonitorInfoA
 0002:00002918       GetMonitorInfoW
 0001:0000ADE0       GetMonthDayNames
 0001:00005E08       GetNearestColor
 0001:00006170       GetNextWindow
 0001:00005E10       GetObject
 0001:00010C30       GetOrdProp
 0001:00005E18       GetPaletteEntries
 0001:00001CE0       GetParamStr
 0001:00006178       GetParent
 0001:0004EE60       GetParentForm
 0001:00005E20       GetPixel
 0001:000002C4       GetProcAddress
 0001:00005BC8       GetProcAddress
 0001:00006180       GetProp
 0001:00010BC0       GetPropInfo
 0001:0004F320       GetRealScrollPosition
 0001:00044B74       GetRGBColor
 0001:00006188       GetScrollInfo
 0001:00006190       GetScrollPos
 0001:00006198       GetScrollRange
 0001:0002CF3C       GetShellModule
 0001:00034FC0       GetShortHint
 0001:00000630       GetSpace
 0001:00000694       GetSpaceAt
 0001:000474F4       GetSpecialName
 0001:000002CC       GetStartupInfo
 0001:0000022C       GetStdHandle
 0001:00005BD0       GetStdHandle
 0001:00005E28       GetStockObject
 0001:00005BD8       GetStringTypeEx
 0001:000061A0       GetSubMenu
 0001:000061A8       GetSysColor
 0001:000061B0       GetSysColorBrush
 0001:00005BE0       GetSystemInfo
 0001:000061B8       GetSystemMenu
 0002:00002900       GetSystemMetrics
 0001:000061C0       GetSystemMetrics
 0001:00005E30       GetSystemPaletteEntries
 0001:00005E40       GetTextExtentPoint
 0001:00005E38       GetTextExtentPoint32
 0001:00005E48       GetTextMetrics
 0002:00002A24       GetThemeAppProperties
 0002:00002990       GetThemeBackgroundContentRect
 0002:00002994       GetThemeBackgroundExtent
 0002:000029A4       GetThemeBackgroundRegion
 0002:000029C8       GetThemeBool
 0002:000029BC       GetThemeColor
 0002:00002A30       GetThemeDocumentationProperty
 0002:000029D0       GetThemeEnumValue
 0002:000029F0       GetThemeFilename
 0002:000029D8       GetThemeFont
 0002:000029CC       GetThemeInt
 0002:000029E4       GetThemeIntList
 0002:000029E0       GetThemeMargins
 0002:000029C0       GetThemeMetric
 0002:00002998       GetThemePartSize
 0002:000029D4       GetThemePosition
 0002:000029E8       GetThemePropertyOrigin
 0002:000029DC       GetThemeRect
 0002:000029C4       GetThemeString
 0002:000029FC       GetThemeSysBool
 0002:000029F4       GetThemeSysColor
 0002:000029F8       GetThemeSysColorBrush
 0002:00002A04       GetThemeSysFont
 0002:00002A0C       GetThemeSysInt
 0002:00002A00       GetThemeSysSize
 0002:00002A08       GetThemeSysString
 0002:0000299C       GetThemeTextExtent
 0002:000029A0       GetThemeTextMetrics
 0001:000002D4       GetThreadLocale
 0001:00005BE8       GetThreadLocale
 0001:00005BF0       GetTickCount
 0001:00009930       GetTime
 0001:00005830       GetTlsSize
 0001:00056B58       GetTopMostWindows
 0001:00035150       GetTopParent
 0001:000061C8       GetTopWindow
 0001:00010B04       GetTypeData
 0001:0000035C       GetVersion
 0001:00005BF8       GetVersion
 0001:00005C00       GetVersionEx
 0001:000061D0       GetWindow
 0001:000061D8       GetWindowDC
 0001:000061E0       GetWindowLong
 0001:00005E58       GetWindowOrgEx
 0001:000061E8       GetWindowPlacement
 0001:000061F0       GetWindowRect
 0001:000061F8       GetWindowText
 0002:00002A18       GetWindowTheme
 0001:00006208       GetWindowThreadProcessId
 0001:00006200       GetWindowThreadProcessId
 0001:00005E50       GetWinMetaFileBits
 0002:00000EA4       GIFColors
 0001:0005FE08       GIFCtrl
 0001:0005BB0C       GifError
 0002:00000E94       GIFLoadCorrupted
 0002:00000E98       GIFVersionStr
 0001:00005C08       GlobalAddAtom
 0001:00005C10       GlobalAlloc
 0001:000064B4       GlobalAllocPtr
 0001:00005C18       GlobalDeleteAtom
 0001:00005C20       GlobalFindAtom
 0002:00002864       GlobalFixupList
 0001:00016830       GlobalFixupReferences
 0001:00005C28       GlobalFree
 0001:000064E0       GlobalFreePtr
 0001:00005C38       GlobalHandle
 0001:00005C30       GlobalLock
 0002:00002848       GlobalNameSpace
 0001:00005C40       GlobalReAlloc
 0001:000064C4       GlobalReAllocPtr
 0001:00005C48       GlobalSize
 0001:00005C50       GlobalUnlock
 0002:000009E8       GlyphCache
 0001:00023CAC       Graphics
 0001:0005A7F4       GrayPal
 0001:0005A828       Grayscale
 0001:00013634       GroupDescendentsWith
 0001:00053C34       HandleEdge
 0001:00017C94       HandleException
 0001:0005AAC0       Hash
 0002:00000024       HeapAllocFlags
 0002:000025C4       heapErrorCode
 0002:000025C8       heapLock
 0001:000259F0       HelpIntfs
 0002:0000293C       HelpManager
 0002:00002A74       HelpMsg
 0002:00002B3C       HelpViewer
 0002:00002B40       HelpViewerIntf
 0002:00000130       HexDisplayPrefix
 0001:00006498       HiByte
 0002:00000AF4       HideSelections
 0001:000427B4       HideZone
 0002:00002664       HInstance
 0002:00002BF8       HintDoneEvent
 0001:00056480       HintGetMsgHook
 0002:00002BFC       HintHook
 0001:00056424       HintMouseThread
 0002:00002C00       HintThread
 0002:00002BF4       HintThreadID
 0001:000563D0       HintTimerProc
 0002:00000D54       HintWindowClass
 0001:0005B00C       Histogram
 0002:000029A8       HitTestThemeBackground
 0001:0005993C       HMemCpy
 0001:000564C4       HookHintHooks
 0002:00002C1C       HookList
 0001:00059930       HugeOffset
 0001:00006608       HwndMSWheel
 0002:00000CE8       IBreaks
 0002:00000CF4       IChecks
 0001:0005B7B8       IcoList
 0002:00000740       IconIDs
 0002:00000CFC       IDefaults
 0001:0001C8EC       IdentToCharset
 0001:0001C6E4       IdentToColor
 0001:00034FB0       IdentToCursor
 0001:0001381C       IdentToInt
 0002:00000D04       IEnables
 0001:0004A84C       IfHotkeyAvailable
 0002:00002BD0       ImageListWriteExProc
 0001:0002415C       ImageList_Add
 0001:0002417C       ImageList_AddIcon
 0001:000241A8       ImageList_BeginDrag
 0001:00024144       ImageList_Create
 0001:0002414C       ImageList_Destroy
 0001:000241B8       ImageList_DragEnter
 0001:000241C0       ImageList_DragLeave
 0001:000241C8       ImageList_DragMove
 0001:000241D8       ImageList_DragShowNolock
 0001:00024188       ImageList_Draw
 0001:00024198       ImageList_DrawEx
 0001:000241B0       ImageList_EndDrag
 0001:00024174       ImageList_GetBkColor
 0001:000241E0       ImageList_GetDragImage
 0001:000241F8       ImageList_GetIconSize
 0001:00024154       ImageList_GetImageCount
 0001:000241E8       ImageList_Read
 0001:000241A0       ImageList_Remove
 0001:00024190       ImageList_Replace
 0001:00024164       ImageList_ReplaceIcon
 0001:0002416C       ImageList_SetBkColor
 0001:000241D0       ImageList_SetDragCursorImage
 0001:00024200       ImageList_SetIconSize
 0001:000241F0       ImageList_Write
 0002:00000C58       Images
 0001:0004652C       ImgList
 0001:000249F8       Imm
 0002:00000C3C       IMM32DLL
 0001:000433A4       Imm32IsIME
 0002:00000184       IMSecsPerDay
 0001:0000EA7C       InBounds
 0001:0000ED1C       InBounds
 0001:0000C1D8       IncludeTrailingPathDelimiter
 0001:0000EAAC       Increment
 0001:0000ED4C       Increment
 0001:00006210       InflateRect
 0001:0002C7A0       IniFiles
 0001:00000BD0       InitAllocator
 0001:00024240       InitAnApi
 0002:00002928       InitApis
 0001:000240B0       InitComCtl
 0001:0002CF10       InitCommonControl
 0001:000240A8       InitCommonControls
 0001:00024110       InitCommonControlsEx
 0001:00013AC4       InitComponent
 0002:00002634       InitContext
 0001:00043440       InitControls
 0001:00023824       InitDefFontData
 0001:0000CC84       InitDriveSpacePtr
 0001:0000BBE4       InitExceptions
 0001:00025AD0       InitFlatSB
 0001:00027C34       InitGlobals
 0001:0005BE48       InitHash
 0001:0005B0D8       InitializeBitmapInfoHeader
 0001:0001EBE4       InitializeBitmapInfoHeader
 0001:000003A8       InitializeCriticalSection
 0001:00005C58       InitializeCriticalSection
 0002:000025C0       initialized
 0001:00025AA8       InitializeFlatSB
 0001:000058BC       InitializeModule
 0001:0000DC28       InitializeVarUtils
 0001:00043044       InitIMM32
 0001:00013B6C       InitInheritedComponent
 0001:0000C4DC       InitLeadBytes
 0001:0002491C       InitMultiMonStubs
 0001:0000BCE8       InitPlatformId
 0002:00002040       InitProc
 0001:000590E4       InitProcs
 0001:000237A8       InitScreenLogPixels
 0001:0000C554       InitSysLocale
 0001:000260F8       InitThemeLibrary
 0001:000195A0       InitThreadSynchronization
 0001:00005838       InitThreadTLS
 0001:0005A494       InitTruncTables
 0001:00003678       InitUnits
 0001:00034C94       InitWndProc
 0002:00000BDC       InnerStyles
 0002:0000204C       Input
 0001:00055EA8       InsertBefore
 0001:0003A6F8       InsertBefore
 0001:0000107C       InsertFree
 0001:0004A900       InsertHotkeyFarEastFormat
 0001:00006218       InsertMenu
 0001:00006220       InsertMenuItem
 0002:00002880       InstBlockList
 0002:00002884       InstFreeList
 0002:00002858       IntConstList
 0001:0005BE54       InterlaceStep
 0001:0000034C       InterlockedDecrement
 0001:0000CCEC       InterlockedDecrement
 0001:00005B50       InterlockedExchange
 0001:0000CCF8       InterlockedExchange
 0001:0000CD00       InterlockedExchangeAdd
 0001:0000CCE0       InterlockedIncrement
 0001:00000344       InterlockedIncrement
 0001:00001FF0       InternalClose
 0001:0001BDD0       InternalDeletePalette
 0001:00002234       InternalFlush
 0001:00000EBC       InternalFreeMem
 0001:0001ED34       InternalGetDIB
 0001:0005B200       InternalGetDIB
 0001:0005B1B0       InternalGetDIBSizes
 0001:0001ECC8       InternalGetDIBSizes
 0001:0001395C       InternalReadComponentRes
 0002:00002B24       InternalServices
 0001:00003E74       InternalUniqueString
 0001:00005E60       IntersectClipRect
 0001:00006228       IntersectRect
 0001:00007C10       IntToHex
 0001:0001385C       IntToIdent
 0001:00007AFC       IntToStr
 0001:00007BE8       IntToStr
 0001:00006230       InvalidateRect
 0001:0001DD34       InvalidBitmap
 0001:00059A84       InvalidBitmap
 0001:0001DD1C       InvalidGraphic
 0001:0001DD40       InvalidIcon
 0001:0001DD4C       InvalidMetafile
 0001:0001DD04       InvalidOperation
 0001:00012994       InvalidPoint
 0002:00002798       InvalidPointer
 0001:00002CA0       InvokeImplGetter
 0001:00001C80       IOResult
 0002:00000D24       IOwnerDraw
 0002:00000D0C       IRadios
 0002:00000D1C       IRTL
 0001:0004EDF0       IsAccel
 0001:0004BAE0       IsAccelChar
 0002:00002A14       IsAppThemed
 0001:000357A8       IsBeforeTargetWindow
 0001:00006238       IsChild
 0002:00002048       IsConsole
 0001:00035C04       IsDelphiHandle
 0001:00006240       IsDialogMessage
 0002:00000D14       ISeparators
 0001:00006248       IsIconic
 0001:0004BB3C       IsInitialChar
 0001:00009560       IsLeapYear
 0002:00002034       IsLibrary
 0002:00002049       IsMultiThread
 0001:00040464       IsOrientationSet
 0001:0000C1A4       IsPathDelimiter
 0001:00006250       IsRectEmpty
 0001:000359AC       IsSiteChildOfClient
 0002:00002A10       IsThemeActive
 0002:000029B8       IsThemeBackgroundPartiallyTransparent
 0002:00002A20       IsThemeDialogTextureEnabled
 0002:000029B4       IsThemePartDefined
 0001:00013938       IsUniqueGlobalComponentName
 0002:0000284C       IsUniqueGlobalComponentNameProc
 0001:00007A4C       IsValidIdent
 0001:0000C53C       IsWesternGroup
 0001:00006258       IsWindow
 0001:00006260       IsWindowEnabled
 0001:00006268       IsWindowVisible
 0001:00006270       IsZoomed
 0001:0005BBA8       ItemToRGB
 0001:000478C0       Iterate
 0001:00047920       IterateMenus
 0002:0000002C       JITEnable
 0001:0004EDA4       KeyboardStateToShiftState
 0001:0004ED68       KeyDataToShiftState
 0001:0004ED14       KeysToShiftState
 0001:00006278       KillTimer
 0001:00008330       LastDelimiter
 0001:00005668       LCIDToCodePage
 0001:0000C468       LCIDToCodePage
 0002:00000110       LeadBytes
 0001:000003B8       LeaveCriticalSection
 0001:00005C60       LeaveCriticalSection
 0002:00000038       LibModuleList
 0001:00005E68       LineTo
 0001:0002C904       ListActns
 0001:00036794       ListAdd
 0001:000367BC       ListRemove
 0002:0000274E       ListSeparator
 0001:00006280       LoadBitmap
 0001:00006288       LoadCursor
 0001:00006290       LoadIcon
 0001:00006298       LoadKeyboardLayout
 0001:00005C68       LoadLibrary
 0001:000002DC       LoadLibraryEx
 0001:00005C70       LoadResource
 0001:00004CE0       LoadResourceModule
 0001:00005610       LoadResString
 0001:00007F30       LoadStr
 0001:000002E4       LoadString
 0001:000062A0       LoadString
 0001:00000388       LocalAlloc
 0001:0000580C       LocalAlloc
 0001:00000390       LocalFree
 0001:0000ADA4       LocalGetLocaleStr
 0002:00002A48       Lock
 0001:00005C78       LockResource
 0002:00002690       LongDateFormat
 0002:00002724       LongDayNames
 0002:000026D8       LongMonthNames
 0002:000026A4       LongTimeFormat
 0002:00000EC4       LoopExtAN
 0002:00000EB8       LoopExtNS
 0001:000077D4       LowerCase
 0001:00005CF8       lstrcpy
 0001:000002EC       lstrcpyn
 0002:00002820       LVarTypes
 0002:00002824       LVarTypeSync
 0002:0000202C       MainInstance
 0002:00002030       MainThreadID
 0001:0000044C       MakeEmpty
 0001:00003798       MakeErrorMessage
 0002:00000C28       MakeLast
 0001:0000648C       MakeLong
 0001:0001A844       MakeObjectInstance
 0001:000064F4       MakeROP4
 0001:00006478       MakeWord
 0001:00006548       MakeWParam
 0001:0000B89C       MapException
 0001:0005AEB0       MapHistogram
 0001:0002C874       Mapi
 0002:000009FC       MAPIDLL
 0002:00000A00       MAPIModule
 0001:00003480       MapToRunError
 0001:000062A8       MapVirtualKey
 0001:000062B0       MapWindowPoints
 0002:00000C60       Mask
 0001:00005E70       MaskBlt
 0001:00023DE8       Math
 0001:00023DB0       Max
 0001:00059210       Max
 0001:000516C0       MaximizedChildren
 0001:00059250       MaxMin
 0002:00000040       MemoryManager
 0002:00000C7C       MenuKeyCaps
 0001:0004CB5C       Menus
 0001:000004E4       MergeBlockAfter
 0001:000011C0       MergeCommit
 0001:000062B8       MessageBeep
 0001:0000027C       MessageBox
 0001:000062C0       MessageBox
 0001:00027B18       MessageDlg
 0001:00027B38       MessageDlgPos
 0001:00027B5C       MessageDlgPosHelp
 0001:00006768       Messages
 0001:000141D0       Min
 0001:00059218       Min
 0001:00023DA8       Min
 0001:0003A040       MinVar
 0002:00002930       MMAvailable
 0002:000007AC       ModalResults
 0002:00000C40       ModeMap
 0001:000533C0       ModifySystemMenu
 0002:000000A8       Module
 0002:00002661       ModuleIsCpp
 0002:00002660       ModuleIsLib
 0001:0001A814       ModuleUnload
 0002:0000003C       ModuleUnloadList
 0002:0000290C       MonitorFromPoint
 0002:00002908       MonitorFromRect
 0002:00002904       MonitorFromWindow
 0002:000000E0       MonthDays
 0002:00002B44       Mouse
 0001:00001CA0       Move
 0001:00005E78       MoveToEx
 0001:000367DC       MoveWindowOrg
 0001:00005C80       MulDiv
 0001:000002FC       MultiByteToWideChar
 0001:00058B70       MultiLineWidth
 0001:000249B8       MultiMon
 0001:0005A42C       NearestIndex
 0002:00002685       NegCurrFormat
 0001:0000124C       NewCommit
 0001:00001278       NewCommitAt
 0002:00002B48       NewStyleControls
 0001:0000C168       NextCharIndex
 0001:00040448       NextVisibleZone
 0002:000003E4       NilMethod
 0002:00000030       NoErrMsg
 0001:000486D4       NormalDraw
 0001:00003038       NotifyAnyExcept
 0001:0000300C       NotifyExcept
 0001:0000306C       NotifyExceptFinally
 0001:00013A38       NotifyGlobalLoading
 0001:0000505C       NotifyModuleUnload
 0001:00002FE8       NotifyNonDelphiException
 0001:00003024       NotifyOnExcept
 0001:00002FCC       NotifyReRaise
 0001:00003094       NotifyTerminate
 0001:000030B0       NotifyUnhandled
 0001:00059848       NotImplemented
 0001:0004B48C       NthParentOf
 0001:0001088C       Null
 0002:00000320       NullAsStringValue
 0002:0000031C       NullStrictConvert
 0001:00034D4C       ObjectFromHWnd
 0002:00000AFC       OEMConverts
 0001:000062C8       OemToAnsi
 0001:000062D0       OffsetRect
 0001:00005968       OffsetRect
 0001:000062D8       OpenClipboard
 0001:00001F10       OpenText
 0002:00002980       OpenThemeData
 0002:00000C20       OrientArray
 0002:00000BEC       OuterStyles
 0002:00002794       OutOfMemory
 0001:0001DD58       OutOfResources
 0001:0005C188       Output
 0002:00002218       Output
 0002:00000324       PackVarCreation
 0002:000006E0       Pal16
 0001:0001C1D8       PaletteChanged
 0001:000598B4       PaletteColor
 0001:0001E550       PaletteFromDIBColorTable
 0001:0001E5F4       PaletteToDIBColorTable
 0001:0005AD2C       PalHistogram
 0002:000006DC       PalSize
 0001:00001E44       ParamStr
 0001:0004082C       ParentNotLast
 0002:00000AD8       Passwords
 0001:00005E80       PatBlt
 0002:000028E8       PatternManager
 0001:000062E0       PeekMessage
 0002:000028DC       PenManager
 0002:000006AC       PenModes
 0002:0000068C       PenStyles
 0001:000625DC       PExecutar
 0001:00059B24       PInsert
 0001:00059B00       PixelFormatToColors
 0001:00005E88       PlayEnhMetaFile
 0001:0001291C       Point
 0001:00005960       Point
 0001:00012D54       PointerInModule
 0001:0003B8DC       PointsEqual
 0001:00006530       PointToSmallPoint
 0001:00005E90       Polyline
 0002:00002BD4       PopupList
 0001:000062E8       PostMessage
 0001:000062F0       PostQuitMessage
 0001:00025A6C       Printers
 0001:00054AD4       ProcessExecute
 0001:0004F020       ProcessHorz
 0001:00054BD4       ProcessUpdate
 0001:0004F08C       ProcessVert
 0001:00016B2C       PropertyNotFound
 0001:00017D94       PropPathError
 0002:00000D84       Props
 0001:00016B20       PropValueError
 0001:00059B8C       PSort
 0001:000062F8       PtInRect
 0002:000000A4       PtrToNil
 0001:00008D08       PutExponent
 0002:00002B8C       QualifyingSites
 0001:00059F74       Quantize
 0001:0000B858       RaiseAssertException
 0001:00000234       RaiseException
 0001:00015AF0       RaiseException
 0002:00002014       RaiseExceptionProc
 0001:0000CB80       RaiseLastOSError
 0001:0005C09C       ReadCode
 0001:0004159C       ReadControlName
 0001:00018FD4       ReadCustomVariant
 0001:0005EC70       ReadDataBlock
 0001:00016B08       ReadError
 0001:0005ED5C       ReadExtension
 0001:0005EF2C       ReadExtensionBlock
 0001:00005C88       ReadFile
 0001:0000023C       ReadFile
 0001:0005C268       ReadGIFData
 0001:0005EC0C       ReadGlobalColorMap
 0001:0001E8A8       ReadIcon
 0001:0005BEB0       ReadImageStream
 0001:0000252C       ReadLine
 0002:00000AE0       ReadOnlys
 0001:0005EBA8       ReadScreenDescriptor
 0001:0005EEDC       ReadSeparator
 0001:00005E98       RealizePalette
 0001:00017348       Recover
 0001:00005944       Rect
 0001:00012944       Rect
 0001:00005EA8       Rectangle
 0001:00005EA0       RectVisible
 0001:00006300       RedrawWindow
 0002:00002818       RefAnyProc
 0002:00002A44       ReferenceCount
 0001:00000304       RegCloseKey
 0001:00005AA0       RegCloseKey
 0002:0000285C       RegGroups
 0001:00006308       RegisterClass
 0001:000134F8       RegisterClass
 0001:00013568       RegisterClasses
 0001:00006310       RegisterClipboardFormat
 0001:00035B4C       RegisterDockSite
 0001:000138A0       RegisterFindGlobalComponentProc
 0001:00013774       RegisterIntegerConsts
 0001:000050B8       RegisterModule
 0001:00024DC4       RegisterViewer
 0001:00006318       RegisterWindowMessage
 0001:0002C808       Registry
 0001:0000030C       RegOpenKeyEx
 0001:00005AA8       RegOpenKeyEx
 0001:00000314       RegQueryValueEx
 0001:00005AB0       RegQueryValueEx
 0001:000269D4       RegStr
 0001:00059944       ReleaseBitmap
 0001:00006320       ReleaseCapture
 0001:00006328       ReleaseDC
 0002:0000004C       reMap
 0002:00002618       remBytes
 0001:0000056C       RemoveBlock
 0002:000003C0       RemoveDataModule
 0001:000169D8       RemoveFixupReferences
 0001:00016A84       RemoveFixups
 0001:00016D7C       RemoveGlobalFixup
 0001:00006330       RemoveMenu
 0001:00004FAC       RemoveModuleUnloadProc
 0001:00004FD4       RemoveModuleUnloadProc
 0001:00006338       RemoveProp
 0001:00005C90       ResetEvent
 0001:000195EC       ResetSyncEvent
 0001:000017B0       ResizeInPlace
 0001:00059960       ResStr
 0001:00005EB0       RestoreDC
 0001:0004E9A8       RestoreFocusState
 0001:00013CFC       ReturnAddr
 0001:0001498C       ReturnAddr
 0001:0000B4FC       ReturnAddr
 0001:00047494       ReturnAddr
 0001:0005BB08       ReturnAddr
 0001:00006500       RGB
 0001:0001E2D4       RGBQuadToTriple
 0001:0001E28C       RGBTripleToQuad
 0001:00026924       RichEdit
 0002:00002B5C       RM_GetObjectInstance
 0002:00002BF0       RM_TaskbarCreated
 0002:00002614       rover
 0002:00000A04       RTFConversionFormat
 0001:00010AD0       RTLConsts
 0001:00000244       RtlUnwind
 0002:00002018       RTLUnwindProc
 0002:00000070       runErrMsg
 0001:00001BA8       RunErrorAt
 0001:00059320       RXCConst
 0001:00059288       RXConst
 0001:0005B8D8       RxGConst
 0001:0005FD14       RxGIF
 0001:0005B778       RxGraph
 0001:00059A38       RxHook
 0001:000599E4       RxTimer
 0001:0000DBDC       SafeArrayCreate
 0001:0000DBE4       SafeArrayGetLBound
 0001:0000DBEC       SafeArrayGetUBound
 0001:0000DBF4       SafeArrayPtrOfIndex
 0001:0000D224       SafeLoadLibrary
 0001:000078C8       SameText
 0001:00005EB8       SaveDC
 0001:0004E998       SaveFocusState
 0002:00000E78       Scale04
 0002:00000E7C       Scale06
 0002:00000E84       Scale07
 0002:00000E8C       Scale08
 0001:0000A42C       ScanBlanks
 0001:0000A570       ScanChar
 0001:0000A6EC       ScanDate
 0001:0000A450       ScanNumber
 0001:0000A4E4       ScanString
 0001:0000AA30       ScanTime
 0001:0000A5F4       ScanToNumber
 0002:00002BE8       Screen
 0002:00002894       ScreenLogPixels
 0001:00006340       ScreenToClient
 0001:0004F1D8       ScrollBarVisible
 0001:00006348       ScrollWindow
 0001:000012AC       SearchSmallBlocks
 0001:00005EC0       SelectObject
 0001:00005EC8       SelectPalette
 0001:00034DDC       SendAppMessage
 0001:0004EC28       SendFocusMessage
 0001:00006350       SendMessage
 0002:00000CE0       Separators
 0001:00001EAC       Set8087CW
 0001:00006358       SetActiveWindow
 0001:000565C4       SetAnimation
 0001:00005ED0       SetBkColor
 0001:00005ED8       SetBkMode
 0001:00005EE0       SetBrushOrgEx
 0001:00006360       SetCapture
 0001:00035070       SetCaptureControl
 0001:00006368       SetClassLong
 0001:00010418       SetClearVarToEmptyParam
 0001:00006370       SetClipboardData
 0001:000174B8       SetCompName
 0001:00006378       SetCursor
 0001:00005EE8       SetDIBColorTable
 0001:00005C98       SetEndOfFile
 0001:0000024C       SetEndOfFile
 0001:00005EF0       SetEnhMetaFileBits
 0001:00005CA0       SetErrorMode
 0001:00005CA8       SetEvent
 0001:000035C0       SetExceptionHandler
 0001:00000254       SetFilePointer
 0001:00005CB0       SetFilePointer
 0001:00010F34       SetFloatProp
 0001:00006380       SetFocus
 0001:00006388       SetForegroundWindow
 0001:000432C8       SetImeMode
 0001:00001C2C       SetInOutRes
 0001:000111B8       SetInt64Prop
 0001:000111F4       SetInterfaceProp
 0001:00018074       SetInterfaceReference
 0001:00017F90       SetIntIdent
 0002:00000D58       SetLayeredWindowAttributes
 0001:00010D9C       SetLongStrProp
 0001:00005EF8       SetMapMode
 0001:00006390       SetMenu
 0001:00006398       SetMenuItemInfo
 0001:00011180       SetMethodProp
 0001:00017FD8       SetObjectIdent
 0001:00010CA4       SetOrdProp
 0001:000063A0       SetParent
 0001:00005F00       SetPixel
 0001:000063A8       SetProp
 0001:000063B0       SetRect
 0001:00005F08       SetROP2
 0001:000063B8       SetScrollInfo
 0001:000063C0       SetScrollPos
 0001:000063C8       SetScrollRange
 0001:00010D00       SetShortStrProp
 0001:00010D54       SetShortStrPropAsLongStr
 0001:00005F10       SetStretchBltMode
 0001:00010E34       SetStrProp
 0001:000172C0       SetSubComponentState
 0001:00005F18       SetTextColor
 0002:00002A28       SetThemeAppProperties
 0001:00005CB8       SetThreadLocale
 0001:000063D0       SetTimer
 0001:00010400       SetVarAsError
 0001:00011140       SetVariantProp
 0001:00018018       SetVariantReference
 0001:00005F20       SetViewportOrgEx
 0001:00058674       SetVisible
 0001:00010E60       SetWideStrProp
 0001:00010DDC       SetWideStrPropAsLongStr
 0001:000063D8       SetWindowLong
 0001:00005F30       SetWindowOrgEx
 0001:000063E0       SetWindowPlacement
 0001:000063E8       SetWindowPos
 0001:000063F8       SetWindowsHookEx
 0001:000063F0       SetWindowText
 0002:000029EC       SetWindowTheme
 0001:00005F28       SetWinMetaFileBits
 0002:00000150       ShareMode
 0001:0002699C       ShellAPI
 0001:00026964       ShellExecute
 0002:00002B14       ShellModule
 0001:00026A7C       ShlObj
 0001:000474BC       ShortCut
 0002:00002BD8       ShortCutItems
 0001:00047548       ShortCutToText
 0002:0000268C       ShortDateFormat
 0002:00002708       ShortDayNames
 0002:000026A8       ShortMonthNames
 0002:000026A0       ShortTimeFormat
 0002:00000DC4       ShowCommands
 0002:00000DB8       ShowCommands
 0002:00000DD0       ShowCommands
 0001:00006400       ShowCursor
 0001:0000B434       ShowException
 0002:00000E6C       ShowFlags
 0002:00000BD4       ShowFlags
 0001:0004E9B0       ShowMDIClientEdge
 0001:00027C10       ShowMessage
 0001:00027C1C       ShowMessagePos
 0001:00006408       ShowOwnedPopups
 0001:00006410       ShowScrollBar
 0001:00006418       ShowWindow
 0001:000565EC       ShowWinNoAnimate
 0001:00042834       ShowZone
 0002:00000C34       SizeCursors
 0001:00005CC0       SizeofResource
 0001:00018B08       SkipBinary
 0001:00018B38       SkipCollection
 0001:00018AE0       SkipList
 0001:00005CC8       Sleep
 0001:0000CB78       Sleep
 0001:00012934       SmallPoint
 0001:0000651C       SmallPointToPoint
 0002:00002620       smallTab
 0002:000025E8       spaceRoot
 0001:000135E8       StartClassGroup
 0001:00031B4C       StdActns
 0001:000319E4       StdCtrls
 0001:0001A81C       StdWndProc
 0002:0000289C       StockBrush
 0002:000028A0       StockFont
 0002:000028A4       StockIcon
 0002:00002898       StockPen
 0001:00008728       StrAlloc
 0001:0000873C       StrBufSize
 0001:0000BF08       StrByteType
 0001:0000C0F8       StrCharLength
 0001:000085F8       StrComp
 0001:00008548       StrCopy
 0001:00008784       StrDispose
 0001:00045C78       StreamsEqual
 0001:00008524       StrEnd
 0001:00059804       StretchBitmapRectTransparent
 0001:00059644       StretchBitmapTransparent
 0001:00005F38       StretchBlt
 0001:00059328       StretchBltTransparent
 0001:00008B94       StrFmt
 0001:0000861C       StrIComp
 0001:0001598C       StringListCompareStrings
 0001:0000CA44       StringReplace
 0001:0004C8F4       StripHotkey
 0001:00008570       StrLCopy
 0001:0000850C       StrLen
 0001:00008BE0       StrLFmt
 0001:0000865C       StrLIComp
 0001:00008538       StrMove
 0001:00008750       StrNew
 0001:0000C118       StrNextChar
 0001:00008714       StrPas
 0001:000085A4       StrPCopy
 0001:000085D0       StrPLCopy
 0001:000086C0       StrPos
 0001:000086A0       StrScan
 0001:00007C38       StrToInt
 0001:00007C74       StrToIntDef
 0001:0002A340       StrUtils
 0002:00000DAC       Styles
 0001:0000D168       Supports
 0001:0000D18C       Supports
 0002:00002850       SyncEvent
 0002:000003EC       SyncList
 0001:00025F30       SyncObjs
 0001:0000032C       SysAllocStringLen
 0001:00006A88       SysConst
 0002:00000D74       SysConsts
 0002:00000D7C       SysConsts
 0001:0000ACE4       SysErrorMessage
 0001:000015D8       SysFreeMem
 0001:0000033C       SysFreeString
 0001:0000142C       SysGetMem
 0001:0000593C       SysInit
 0002:00002740       SysLocale
 0001:000019B4       SysReallocMem
 0001:00000334       SysReAllocStringLen
 0001:00005730       System
 0002:0000288C       SystemPalette16
 0001:0001E4B8       SystemPaletteOverride
 0001:00006420       SystemParametersInfo
 0001:0000D6F8       SysUtils
 0001:0004415C       TActionLink.IsCaptionLinked
 0001:00044170       TActionLink.IsCheckedLinked
 0001:00044184       TActionLink.IsEnabledLinked
 0001:00044198       TActionLink.IsGroupIndexLinked
 0001:000441AC       TActionLink.IsHelpContextLinked
 0001:000441C0       TActionLink.IsHelpLinked
 0001:000441D4       TActionLink.IsHintLinked
 0001:000441E8       TActionLink.IsImageIndexLinked
 0001:000441FC       TActionLink.IsShortCutLinked
 0001:00044210       TActionLink.IsVisibleLinked
 0001:00044224       TActionLink.SetAutoCheck
 0001:00044228       TActionLink.SetCaption
 0001:0004422C       TActionLink.SetChecked
 0001:00044230       TActionLink.SetEnabled
 0001:00044234       TActionLink.SetGroupIndex
 0001:00044238       TActionLink.SetHelpContext
 0001:0004423C       TActionLink.SetHelpKeyword
 0001:00044240       TActionLink.SetHelpType
 0001:00044244       TActionLink.SetHint
 0001:00044248       TActionLink.SetImageIndex
 0001:0004424C       TActionLink.SetShortCut
 0001:00044250       TActionLink.SetVisible
 0001:0002DC34       TAnimate.CanAutoSize
 0001:0002DA28       TAnimate.CheckOpen
 0001:0002D418       TAnimate.CMColorChanged
 0001:0002D434       TAnimate.CNCommand
 0001:0002D010       TAnimate.Create
 0001:0002D090       TAnimate.CreateParams
 0001:0002D188       TAnimate.CreateWnd
 0001:0002D1AC       TAnimate.DestroyWnd
 0001:0002D4A0       TAnimate.DoClose
 0001:0002D480       TAnimate.DoOpen
 0001:0002D4C0       TAnimate.DoStart
 0001:0002D4E0       TAnimate.DoStop
 0001:0002D5A4       TAnimate.GetActualResHandle
 0001:0002D5DC       TAnimate.GetActualResId
 0001:0002D524       TAnimate.GetAnimateParams
 0001:0002D6B4       TAnimate.GetFrameInfo
 0001:0002DAF8       TAnimate.InternalClose
 0001:0002DA58       TAnimate.InternalOpen
 0001:0002D504       TAnimate.Loaded
 0001:0002DB40       TAnimate.Play
 0001:0002DB9C       TAnimate.Reset
 0001:0002DBBC       TAnimate.Seek
 0001:0002D778       TAnimate.SetActive
 0001:0002D564       TAnimate.SetAnimateParams
 0001:0002D7B8       TAnimate.SetCenter
 0001:0002D7CC       TAnimate.SetCommonAVI
 0001:0002D840       TAnimate.SetFileName
 0001:0002D958       TAnimate.SetOpen
 0001:0002D998       TAnimate.SetRepetitions
 0001:0002D9B4       TAnimate.SetStartFrame
 0001:0002D9E4       TAnimate.SetStopFrame
 0001:0002DA00       TAnimate.SetTimers
 0001:0002DA14       TAnimate.SetTransparent
 0001:0002DBF0       TAnimate.Stop
 0001:0002D1E4       TAnimate.UpdateActiveState
 0001:0002D214       TAnimate.WMNCCalcSize
 0001:0002D23C       TAnimate.WMNCHitTest
 0001:0002D250       TAnimate.WMNCPaint
 0001:0002D35C       TAnimate.WMSize
 0001:0002D364       TAnimate.WMWindowPosChanged
 0001:0005B858       TAnimatedCursorImage.GetFrame
 0001:0005B83C       TAnimatedCursorImage.GetIcon
 0001:0005B830       TAnimatedCursorImage.GetIconCount
 0001:00058C34       TApplication.ActivateHint
 0001:00057794       TApplication.BringToFront
 0001:00058978       TApplication.CancelHint
 0001:00056D7C       TApplication.CheckIniChange
 0001:00056AF8       TApplication.ControlDestroyed
 0001:0005662C       TApplication.Create
 0001:00057BA4       TApplication.CreateForm
 0001:00056948       TApplication.CreateHandle
 0001:0005682C       TApplication.Destroy
 0001:00059004       TApplication.DispatchAction
 0001:00058344       TApplication.DoActionIdle
 0001:000583A8       TApplication.DoMouseIdle
 0001:00056BC8       TApplication.DoNormalizeTopMosts
 0001:00059094       TApplication.ExecuteAction
 0001:00058FC8       TApplication.GetCurrentHelpFile
 0001:000582E4       TApplication.GetExeName
 0001:000575C8       TApplication.GetIconHandle
 0001:000577D0       TApplication.GetTitle
 0001:00057D24       TApplication.HandleException
 0001:00057A80       TApplication.HandleMessage
 0001:000582DC       TApplication.HelpCommand
[...]
  1402 0001:0005D49E  1403 0001:0005D4A2  1404 0001:0005D4A6  1405 0001:0005D4AC
  1406 0001:0005D4B0  1411 0001:0005D4B8  1412 0001:0005D4C3  1413 0001:0005D4D0
  1414 0001:0005D4DB  1415 0001:0005D4EA  1416 0001:0005D4F8  1417 0001:0005D4FF
  1418 0001:0005D514  1420 0001:0005D52E  1421 0001:0005D536  1424 0001:0005D540
  1425 0001:0005D546  1426 0001:0005D554  1427 0001:0005D566  1429 0001:0005D56E
  1430 0001:0005D570  1434 0001:0005D578  1435 0001:0005D57F  1438 0001:0005D580
  1439 0001:0005D586  1440 0001:0005D594  1446 0001:0005D598  1447 0001:0005D59E
  1448 0001:0005D5AA  1451 0001:0005D5C0  1452 0001:0005D5C4  1453 0001:0005D5D2
  1454 0001:0005D5D6  1455 0001:0005D5EB  1456 0001:0005D5F5  1457 0001:0005D5F8
  1458 0001:0005D5FB  1459 0001:0005D5FF  1463 0001:0005D603  1464 0001:0005D607
  1465 0001:0005D60C  1466 0001:0005D61D  1467 0001:0005D62D  1468 0001:0005D631
  1469 0001:0005D636  1471 0001:0005D63C  1472 0001:0005D640  1475 0001:0005D650
  1476 0001:0005D657  1477 0001:0005D660  1478 0001:0005D66C  1481 0001:0005D688
  1482 0001:0005D68F  1484 0001:0005D699  1476 0001:0005D69A  1485 0001:0005D69F
  1486 0001:0005D6AC  1487 0001:0005D6B3  1494 0001:0005D6B8  1495 0001:0005D6D9
  1496 0001:0005D6DB  1497 0001:0005D6E6  1498 0001:0005D6EF  1499 0001:0005D6FE
  1500 0001:0005D707  1501 0001:0005D713  1502 0001:0005D72D  1503 0001:0005D734
  1504 0001:0005D73B  1505 0001:0005D742  1507 0001:0005D757  1508 0001:0005D75E
  1509 0001:0005D773  1510 0001:0005D797  1511 0001:0005D79E  1512 0001:0005D7AC
  1515 0001:0005D7F6  1516 0001:0005D7FE  1518 0001:0005D805  1520 0001:0005D80F
  1522 0001:0005D81B  1521 0001:0005D81E  1523 0001:0005D833  1524 0001:0005D842
  1525 0001:0005D857  1526 0001:0005D863  1528 0001:0005D86C  1529 0001:0005D873
  1530 0001:0005D882  1531 0001:0005D8A4  1532 0001:0005D8E3  1538 0001:0005D8EC
  1539 0001:0005D90A  1540 0001:0005D931  1542 0001:0005D93E  1543 0001:0005D948
  1544 0001:0005D950  1545 0001:0005D95F  1547 0001:0005D96A  1548 0001:0005D979
  1549 0001:0005D987  1550 0001:0005D9A3  1552 0001:0005D9BA  1554 0001:0005D9E7
  1559 0001:0005D9F0  1561 0001:0005D9F5  1562 0001:0005D9FA  1563 0001:0005DA00
  1565 0001:0005DA09  1564 0001:0005DA0C  1566 0001:0005DA1E  1569 0001:0005DA32
  1570 0001:0005DA3D  1571 0001:0005DA45  1572 0001:0005DA4E  1573 0001:0005DA5A
  1575 0001:0005DA63  1576 0001:0005DA70  1579 0001:0005DA78  1580 0001:0005DA79
  1581 0001:0005DA7F  1582 0001:0005DA85  1583 0001:0005DA93  1586 0001:0005DA98
  1587 0001:0005DA9F  1588 0001:0005DAB7  1593 0001:0005DABC  1594 0001:0005DAD0
  1595 0001:0005DAD2  1596 0001:0005DAED  1597 0001:0005DAF1  1598 0001:0005DAF5
  1599 0001:0005DAF9  1601 0001:0005DB2D  1611 0001:0005DB34  1613 0001:0005DB49
  1614 0001:0005DB4F  1615 0001:0005DB5B  1616 0001:0005DB61  1617 0001:0005DB67
  1618 0001:0005DB6D  1619 0001:0005DB82  1620 0001:0005DB8A  1621 0001:0005DB92
  1623 0001:0005DB98  1624 0001:0005DB9D  1625 0001:0005DBBA  1626 0001:0005DBBF
  1627 0001:0005DBC4  1628 0001:0005DBC9  1630 0001:0005DBCE  1632 0001:0005DBE1
  1633 0001:0005DBE6  1634 0001:0005DBF0  1636 0001:0005DBFC  1637 0001:0005DC02
  1638 0001:0005DC05  1640 0001:0005DC08  1641 0001:0005DC18  1642 0001:0005DC27
  1643 0001:0005DC3B  1644 0001:0005DC59  1645 0001:0005DC64  1646 0001:0005DC72
  1647 0001:0005DC7D  1648 0001:0005DC8F  1650 0001:0005DCC4  1651 0001:0005DCD3
  1653 0001:0005DCEE  1655 0001:0005DCFE  1656 0001:0005DD0A  1662 0001:0005DD14
  1663 0001:0005DD38  1664 0001:0005DD4F  1665 0001:0005DD5D  1667 0001:0005DD86
  1668 0001:0005DDB8  1670 0001:0005DDCA  1671 0001:0005DDDF  1672 0001:0005DDF4
  1673 0001:0005DE13  1674 0001:0005DE35  1676 0001:0005DE3B  1677 0001:0005DE5A
  1678 0001:0005DE63  1679 0001:0005DE71  1680 0001:0005DE80  1681 0001:0005DE8F
  1682 0001:0005DE95  1684 0001:0005DE9B  1685 0001:0005DEA3  1686 0001:0005DEB1
  1688 0001:0005DED7  1689 0001:0005DEE1  1691 0001:0005DEFD  1693 0001:0005DF10
  1679 0001:0005DF11  1696 0001:0005DF27  1697 0001:0005DF35  1698 0001:0005DF40
  1700 0001:0005DF6C  1704 0001:0005DF74  1705 0001:0005DF83  1706 0001:0005DF92
  1711 0001:0005DFE5  1712 0001:0005DFF7  1717 0001:0005E000  1718 0001:0005E012
  1719 0001:0005E01B  1721 0001:0005E022  1723 0001:0005E042  1726 0001:0005E048
  1727 0001:0005E053  1728 0001:0005E05B  1729 0001:0005E063  1730 0001:0005E06A
  1731 0001:0005E072  1732 0001:0005E089  1740 0001:0005E08C  1741 0001:0005E090
  1743 0001:0005E098  1744 0001:0005E0A6  1742 0001:0005E0B0  1746 0001:0005E0B9
  1752 0001:0005E0BC  1753 0001:0005E0C9  1754 0001:0005E0CD  1755 0001:0005E0D4
  1757 0001:0005E0E2  1758 0001:0005E0FF  1759 0001:0005E107  1760 0001:0005E10F
  1761 0001:0005E114  1762 0001:0005E11A  1763 0001:0005E120  1764 0001:0005E128
  1765 0001:0005E12E  1766 0001:0005E134  1767 0001:0005E14B  1769 0001:0005E152
  1770 0001:0005E167  1771 0001:0005E178  1772 0001:0005E186  1774 0001:0005E19F
  1775 0001:0005E1B3  1776 0001:0005E1C6  1778 0001:0005E1E0  1779 0001:0005E1E8
  1781 0001:0005E1F2  1769 0001:0005E1F3  1782 0001:0005E1FC  1783 0001:0005E206
  1785 0001:0005E20E  1786 0001:0005E214  1788 0001:0005E222  1789 0001:0005E233
  1790 0001:0005E23A  1791 0001:0005E240  1792 0001:0005E249  1793 0001:0005E24F
  1794 0001:0005E255  1796 0001:0005E265  1797 0001:0005E282  1798 0001:0005E293
  1799 0001:0005E29D  1801 0001:0005E2AB  1802 0001:0005E2BC  1803 0001:0005E2C3
  1804 0001:0005E2CC  1806 0001:0005E2DA  1807 0001:0005E2EB  1808 0001:0005E2F2
  1810 0001:0005E2F9  1811 0001:0005E30B  1812 0001:0005E31D  1814 0001:0005E342
  1809 0001:0005E343  1816 0001:0005E348  1818 0001:0005E353  1819 0001:0005E35C
  1822 0001:0005E364  1823 0001:0005E36B  1824 0001:0005E387  1825 0001:0005E398
  1826 0001:0005E3A3  1827 0001:0005E3AE  1828 0001:0005E3B5  1829 0001:0005E3C7
  1831 0001:0005E3D9  1832 0001:0005E3E2  1835 0001:0005E3E8  1836 0001:0005E3F2
  1837 0001:0005E3F9  1838 0001:0005E414  1914 0001:0005E41C  1915 0001:0005E422
  1918 0001:0005E424  1919 0001:0005E42A  1920 0001:0005E434  1936 0001:0005E438
  1937 0001:0005E43E  1939 0001:0005E45E  1945 0001:0005E464  1946 0001:0005E46E
  1947 0001:0005E477  1948 0001:0005E486  1949 0001:0005E49A  1952 0001:0005E4AE
  1953 0001:0005E4B3  1954 0001:0005E4C2  1955 0001:0005E4D0  1956 0001:0005E4DA
  1957 0001:0005E4E4  1959 0001:0005E504  1962 0001:0005E517  1972 0001:0005E520
  1973 0001:0005E524  1974 0001:0005E530  1978 0001:0005E581  1981 0001:0005E584
  1982 0001:0005E587  1983 0001:0005E59E  1984 0001:0005E5A0  1989 0001:0005E5A4
  1991 0001:0005E5A9  1993 0001:0005E5B4  1994 0001:0005E5C2  1995 0001:0005E5D4
  1996 0001:0005E5D6  1997 0001:0005E5D8  1993 0001:0005E5D9  1998 0001:0005E5DC
  1999 0001:0005E5DE  2002 0001:0005E5E4  2003 0001:0005E5E7  2004 0001:0005E604
  2005 0001:0005E61B  2006 0001:0005E61D  2009 0001:0005E620  2010 0001:0005E623
  2011 0001:0005E640  2012 0001:0005E657  2013 0001:0005E659  2035 0001:0005E65C
  2037 0001:0005E66B  2038 0001:0005E67B  2039 0001:0005E685  2040 0001:0005E691
  2041 0001:0005E69F  2042 0001:0005E6AE  2043 0001:0005E6BC  2044 0001:0005E6D2
  2045 0001:0005E6DE  2046 0001:0005E6EE  2047 0001:0005E6FD  2048 0001:0005E708
  2049 0001:0005E70D  2050 0001:0005E716  2051 0001:0005E71A  2052 0001:0005E728
  2057 0001:0005E750  2060 0001:0005E76D  2064 0001:0005E77E  2065 0001:0005E78D
  2066 0001:0005E79B  2067 0001:0005E7AB  2069 0001:0005E7C2  2072 0001:0005E7D2
  2075 0001:0005E7DC  2076 0001:0005E7E2  2077 0001:0005E7FE  2108 0001:0005E804
  2109 0001:0005E80A  2110 0001:0005E810  2111 0001:0005E816  2112 0001:0005E824
  2113 0001:0005E831  2115 0001:0005E85C  2117 0001:0005E887  2111 0001:0005E888
  2118 0001:0005E88B  2121 0001:0005E890  2122 0001:0005E897  2123 0001:0005E8B4
  2124 0001:0005E8C5  2125 0001:0005E8CF  2126 0001:0005E8DC  2127 0001:0005E8DF
  2146 0001:0005E8E4  2147 0001:0005E8E8  2148 0001:0005E8F4  2149 0001:0005E905
  2150 0001:0005E90C  2151 0001:0005E921  2152 0001:0005E928  2153 0001:0005E92C
  2154 0001:0005E933  2155 0001:0005E93A  2156 0001:0005E940  2157 0001:0005E944
  2158 0001:0005E948  2218 0001:0005E94C  2219 0001:0005E95B  2220 0001:0005E978
  2221 0001:0005E989  2223 0001:0005E9AE  2224 0001:0005E9BC  2225 0001:0005E9C7
  2226 0001:0005E9CF  2227 0001:0005E9E4  2228 0001:0005E9EF  2229 0001:0005E9F7
  2230 0001:0005EA05  2233 0001:0005EA32  2237 0001:0005EA3C  2238 0001:0005EA44
  2219 0001:0005EA47  2239 0001:0005EA50  2249 0001:0005EA58  2250 0001:0005EA60
  2251 0001:0005EA6E  2252 0001:0005EA7D  2258 0001:0005EA84  2259 0001:0005EAA5
  2260 0001:0005EAAC  2261 0001:0005EAB9  2262 0001:0005EAC8  2263 0001:0005EAF9
  2264 0001:0005EB06  2265 0001:0005EB15  2266 0001:0005EB1C  2267 0001:0005EB42
  2268 0001:0005EB48  2269 0001:0005EB4A  2265 0001:0005EB4E  2270 0001:0005EB53
  2271 0001:0005EB93  2283 0001:0005EBA8  2284 0001:0005EBB3  2285 0001:0005EBBF
  2286 0001:0005EBCC  2287 0001:0005EBDA  2288 0001:0005EBE3  2289 0001:0005EBE9
  2291 0001:0005EBF3  2294 0001:0005EC06  2297 0001:0005EC0C  2298 0001:0005EC11
  2299 0001:0005EC1A  2300 0001:0005EC26  2301 0001:0005EC35  2302 0001:0005EC40
  2303 0001:0005EC4B  2305 0001:0005EC6C  2311 0001:0005EC70  2312 0001:0005EC91
  2313 0001:0005ECA0  2315 0001:0005ECAE  2316 0001:0005ECBC  2317 0001:0005ECC1
  2318 0001:0005ECCD  2319 0001:0005ECE2  2321 0001:0005ECED  2323 0001:0005ED23
  2324 0001:0005ED2B  2326 0001:0005ED55  2331 0001:0005ED5C  2332 0001:0005ED7D
  2333 0001:0005ED8C  2334 0001:0005ED9A  2336 0001:0005EDA9  2338 0001:0005EDB4
  2339 0001:0005EDBB  2341 0001:0005EDD2  2343 0001:0005EDDD  2344 0001:0005EDE4
  2346 0001:0005EDF6  2348 0001:0005EE01  2349 0001:0005EE08  2350 0001:0005EE1A
  2352 0001:0005EE29  2354 0001:0005EE34  2355 0001:0005EE3B  2356 0001:0005EE4D
  2358 0001:0005EE5C  2360 0001:0005EE9D  2361 0001:0005EEA5  2363 0001:0005EED4
  2366 0001:0005EEDC  2367 0001:0005EEE8  2369 0001:0005EEED  2368 0001:0005EEFB
  2370 0001:0005EF24  2375 0001:0005EF2C  2376 0001:0005EF50  2377 0001:0005EF55
  2379 0001:0005EF68  2380 0001:0005EF71  2383 0001:0005EF77  2384 0001:0005EF7F
  2386 0001:0005EF84  2388 0001:0005EF8C  2389 0001:0005EF97  2390 0001:0005EFA1
  2394 0001:0005EFE5  2397 0001:0005EFEE  2398 0001:0005F003  2400 0001:0005F00D
  2401 0001:0005F02F  2402 0001:0005F03D  2378 0001:0005F043  2404 0001:0005F04F
  2405 0001:0005F05E  2406 0001:0005F066  2409 0001:0005F07A  2410 0001:0005F088
  2412 0001:0005F0B7  2417 0001:0005F0C0  2418 0001:0005F0E6  2419 0001:0005F0EE
  2420 0001:0005F0F7  2421 0001:0005F106  2422 0001:0005F114  2423 0001:0005F11E
  2424 0001:0005F12D  2425 0001:0005F135  2426 0001:0005F141  2427 0001:0005F14C
  2428 0001:0005F156  2429 0001:0005F160  2433 0001:0005F170  2434 0001:0005F180
  2435 0001:0005F18A  2436 0001:0005F198  2437 0001:0005F1AA  2438 0001:0005F1B8
  2439 0001:0005F1C4  2441 0001:0005F1DC  2442 0001:0005F1E5  2443 0001:0005F1EA
  2444 0001:0005F1F5  2446 0001:0005F212  2447 0001:0005F21A  2449 0001:0005F224
  2450 0001:0005F248  2452 0001:0005F255  2453 0001:0005F259  2456 0001:0005F268
  2460 0001:0005F27E  2461 0001:0005F286  2463 0001:0005F295  2464 0001:0005F2B2
  2466 0001:0005F2C0  2467 0001:0005F2CE  2468 0001:0005F2DA  2469 0001:0005F2E4
  2470 0001:0005F2F3  2471 0001:0005F303  2473 0001:0005F311  2466 0001:0005F312
  2475 0001:0005F322  2478 0001:0005F332  2479 0001:0005F33D  2430 0001:0005F35D
  2483 0001:0005F3A1  2486 0001:0005F3B1  2487 0001:0005F3BD  2488 0001:0005F3C5
  2489 0001:0005F3CB  2490 0001:0005F3D9  2492 0001:0005F3F0  2493 0001:0005F3FF
  2494 0001:0005F40C  2498 0001:0005F416  2500 0001:0005F41D  2501 0001:0005F44A
  2510 0001:0005F464  2512 0001:0005F474  2513 0001:0005F484  2514 0001:0005F4A0
  2515 0001:0005F4B1  2516 0001:0005F4BD  2518 0001:0005F4E2  2514 0001:0005F4E3
  2519 0001:0005F4E6  2520 0001:0005F4F5  2521 0001:0005F503  2522 0001:0005F510
  2523 0001:0005F51C  2524 0001:0005F535  2525 0001:0005F543  2526 0001:0005F549
  2527 0001:0005F555  2528 0001:0005F563  2529 0001:0005F577  2531 0001:0005F595
  2535 0001:0005F5B5  2536 0001:0005F5BE  2539 0001:0005F5D5  2541 0001:0005F5E5
  2545 0001:0005F5F0  2546 0001:0005F5F7  2549 0001:0005F5F8  2550 0001:0005F60B
  2551 0001:0005F63D  2554 0001:0005F640  2555 0001:0005F653  2556 0001:0005F685
  2571 0001:0005F688  2572 0001:0005F691  2573 0001:0005F6A5  2574 0001:0005F6C3
  2575 0001:0005F6D2  2582 0001:0005F6DC  2583 0001:0005F6EE  2585 0001:0005F6F5
  2586 0001:0005F6FF  2587 0001:0005F709  2588 0001:0005F714  2589 0001:0005F718
  2590 0001:0005F71C  2591 0001:0005F722  2592 0001:0005F726  2593 0001:0005F732
  2594 0001:0005F73D  2595 0001:0005F74D  2598 0001:0005F777  2599 0001:0005F77A
  2600 0001:0005F77C  2594 0001:0005F77D  2601 0001:0005F780  2605 0001:0005F798
  2606 0001:0005F7A8  2613 0001:0005F7B0  2614 0001:0005F7D2  2615 0001:0005F7E4
  2616 0001:0005F7F1  2617 0001:0005F806  2618 0001:0005F80C  2619 0001:0005F81C
  2621 0001:0005F833  2614 0001:0005F834  2622 0001:0005F837  2623 0001:0005F83B
  2624 0001:0005F868  2632 0001:0005F870  2633 0001:0005F87F  2634 0001:0005F883
  2635 0001:0005F89A  2636 0001:0005F8A7  2637 0001:0005F8AF  2638 0001:0005F8BF
  2639 0001:0005F8CD  2640 0001:0005F8DD  2643 0001:0005F8F0  2645 0001:0005F902
  2648 0001:0005F90F  2649 0001:0005F91F  2653 0001:0005F92C  2654 0001:0005F93C
  2658 0001:0005F947  2634 0001:0005F94A  2659 0001:0005F951  2661 0001:0005F958
  2662 0001:0005F980  2663 0001:0005F9A1  2664 0001:0005F9AB  2665 0001:0005F9BA
  2666 0001:0005F9C8  2667 0001:0005F9E1  2668 0001:0005F9EB  2669 0001:0005F9F5
  2670 0001:0005FA01  2671 0001:0005FA04  2673 0001:0005FA14  2675 0001:0005FA31
  2676 0001:0005FA35  2677 0001:0005FA45  2678 0001:0005FA4D  2679 0001:0005FA5D
  2680 0001:0005FA61  2681 0001:0005FA71  2682 0001:0005FA83  2683 0001:0005FA92
  2685 0001:0005FAA0  2686 0001:0005FB0E  2688 0001:0005FB26  2691 0001:0005FB36
  2692 0001:0005FB3A  2693 0001:0005FB50  2694 0001:0005FB60  2695 0001:0005FB67
  2696 0001:0005FB71  2697 0001:0005FB81  2698 0001:0005FB8B  2699 0001:0005FB95
  2700 0001:0005FB9F  2692 0001:0005FBA2  2701 0001:0005FBA5  2702 0001:0005FBB7
  2703 0001:0005FBBB  2704 0001:0005FBCB  2705 0001:0005FBD3  2706 0001:0005FBE3
  2708 0001:0005FBF4  2709 0001:0005FBF8  2710 0001:0005FC08  2711 0001:0005FC12
  2712 0001:0005FC28  2714 0001:0005FC46  2716 0001:0005FC78  2743 0001:0005FC84
  2744 0001:0005FC8B  2748 0001:0005FC8C  2749 0001:0005FC9B  2750 0001:0005FCC9
  2769 0001:0005FCD4  2772 0001:0005FD12  2761 0001:0005FD14  2762 0001:0005FD36
  2763 0001:0005FD46  2765 0001:0005FD63  2766 0001:0005FD88  2768 0001:0005FDBC

Line numbers for GIFCtrl(GIFCtrl.pas) segment .text

   587 0001:0005FE08   587 0001:0005FE0F

Line numbers for UEntrada(UEntrada.pas) segment .text

    45 0001:0006000C    45 0001:00060013

Line numbers for UExecutar(UExecutar.pas) segment .text

    58 0001:00060250    60 0001:00060288    61 0001:00060290    64 0001:000602BF
    65 0001:000602C6    66 0001:000602E6    71 0001:00060302    73 0001:00060336
    75 0001:00060366    76 0001:00060370    77 0001:0006037C    80 0001:00060381
    81 0001:000603BA    82 0001:000603C1    84 0001:000603C9    86 0001:000603D7
    87 0001:000603FC    88 0001:00060421    90 0001:0006043A    82 0001:00060447
    97 0001:0006044F    98 0001:0006047F   100 0001:000604AB   102 0001:000604DB
   103 0001:000604E5   104 0001:000604F1   107 0001:000604F6   108 0001:0006052F
   109 0001:00060536   111 0001:0006053E   113 0001:0006054C   114 0001:00060571
   115 0001:00060596   117 0001:000605AF   109 0001:000605BC   120 0001:000605C4
   122 0001:000605F8   123 0001:0006062C   127 0001:000606A0   133 0001:00060712
   134 0001:00060742   136 0001:0006076E   138 0001:0006079E   139 0001:000607A8
   140 0001:000607B4   143 0001:000607B9   144 0001:000607F2   145 0001:000607F9
   147 0001:00060801   149 0001:0006080F   150 0001:00060834   151 0001:00060859
   153 0001:00060872   145 0001:0006087F   156 0001:00060887   158 0001:000608BB
   159 0001:000608EF   163 0001:00060963   169 0001:000609D5   170 0001:00060A05
   172 0001:00060A31   174 0001:00060A61   175 0001:00060A6B   176 0001:00060A77
   179 0001:00060A7C   180 0001:00060AB5   181 0001:00060ABC   183 0001:00060AC4
   185 0001:00060AD2   186 0001:00060AF7   187 0001:00060B1C   189 0001:00060B35
   181 0001:00060B42   192 0001:00060B4A   194 0001:00060B7E   195 0001:00060BB2
   199 0001:00060C26   205 0001:00060C98   206 0001:00060CC8   208 0001:00060CF4
   210 0001:00060D24   211 0001:00060D2E   212 0001:00060D3A   215 0001:00060D3F
   216 0001:00060D78   217 0001:00060D7F   219 0001:00060D87   221 0001:00060D95
   222 0001:00060DBA   223 0001:00060DDF   225 0001:00060DF8   217 0001:00060E05
   228 0001:00060E0D   230 0001:00060E41   231 0001:00060E75   235 0001:00060EE9
   241 0001:00060F5B   242 0001:00060F8B   244 0001:00060FB7   246 0001:00060FE7
   247 0001:00060FF1   248 0001:00060FFD   251 0001:00061002   252 0001:0006103B
   253 0001:00061042   255 0001:0006104A   257 0001:00061058   258 0001:0006107D
   259 0001:000610A2   261 0001:000610BB   253 0001:000610C8   264 0001:000610D0
   266 0001:00061104   267 0001:00061138   271 0001:000611AC   277 0001:0006121E
   278 0001:0006124E   280 0001:0006127A   282 0001:000612AA   283 0001:000612B4
   284 0001:000612C0   287 0001:000612C5   288 0001:000612FE   289 0001:00061305
   291 0001:0006130D   293 0001:0006131B   294 0001:00061340   295 0001:00061365
   297 0001:0006137E   289 0001:0006138B   300 0001:00061393   302 0001:000613C7
   303 0001:000613FB   307 0001:0006146F   313 0001:000614E1   315 0001:000614EE
   316 0001:0006151E   318 0001:0006154A   319 0001:00061593   320 0001:0006159A
   322 0001:000615A2   324 0001:000615B0   325 0001:000615DF   326 0001:0006160E
   328 0001:00061627   320 0001:00061634   335 0001:0006163C   336 0001:00061643
   337 0001:0006167C   339 0001:00061684   341 0001:00061692   342 0001:000616B7
   343 0001:000616DC   345 0001:000616F5   337 0001:00061702   351 0001:0006170A
   352 0001:0006173A   354 0001:00061766   355 0001:0006179F   356 0001:000617A6
   358 0001:000617AE   360 0001:000617BC   361 0001:000617E1   362 0001:00061806
   364 0001:0006181F   356 0001:0006182C   370 0001:00061834   371 0001:00061864
   373 0001:00061890   374 0001:000618C9   375 0001:000618D0   377 0001:000618D8
   379 0001:000618E6   380 0001:0006190B   381 0001:00061930   383 0001:00061949
   375 0001:00061956   389 0001:0006195E   391 0001:00061965   393 0001:000619E0
   394 0001:000619EC   396 0001:00061A56   400 0001:00061FC0   401 0001:00061FCC
   409 0001:00061FD0   410 0001:00061FF8   411 0001:00062029   412 0001:0006204B
   414 0001:0006206D   417 0001:0006208D   418 0001:00062099   422 0001:000620B4
   423 0001:000620C3   424 0001:000620EE   425 0001:000620FD   427 0001:00062106
   428 0001:0006210D   430 0001:00062123   431 0001:00062132   432 0001:00062182
   434 0001:00062198   435 0001:000621A7   436 0001:000621F7   438 0001:0006220D
   439 0001:0006221C   440 0001:0006225B   419 0001:00062271   443 0001:00062285
   444 0001:000622C3   446 0001:00062354   446 0001:0006235B

Line numbers for PExecutar(C:\Projetos\Executar\PExecutar.dpr) segment .text

    10 0001:000625DC    11 0001:000625F3    12 0001:00062603    14 0001:00062615
    15 0001:0006261C    16 0001:00062628    17 0001:0006262F    18 0001:00062647
    19 0001:0006264E    20 0001:0006265A

Bound resource files

c:\program files (x86)\borland\delphi7\Lib\Buttons.res
c:\program files (x86)\borland\delphi7\Lib\ExtDlgs.res
c:\program files (x86)\borland\delphi7\Lib\Controls.res
C:\Program Files (x86)\Borland\Delphi7\RxLib\Units\RXConst.R32
C:\Program Files (x86)\Borland\Delphi7\RxLib\Units\RXCConst.R32
C:\Program Files (x86)\Borland\Delphi7\RxLib\Units\RxGConst.R32
UEntrada.dfm
UExecutar.dfm
PExecutar.res
PExecutar.drf


Program entry point at 0001:000625DC
